Microchip MPLAB XC8 Compiler V2.32

Linker command line:

-W-3 --edf=C:\Program Files\Microchip\xc8\v2.32\pic\dat\en_msgs.txt -cn \
  -h+dist/default/production\SmartWatch.X.production.sym \
  --cmf=dist/default/production\SmartWatch.X.production.cmf -z -Q18F4550 \
  -oC:\Users\User\AppData\Local\Temp\xcAsfmg.4 --defsym=__MPLAB_BUILD=1 \
  -Mdist/default/production/SmartWatch.X.production.map -E1 \
  -ver=XC8 Compiler --acfsm=1493 -ASTACK=01F2h-07FFh -pstack=STACK \
  -ACODE=00h-07FFFh -ACONST=00h-07FFFh -ASMALLCONST=0800h-08FFhx120 \
  -AMEDIUMCONST=0800h-07FFFh -ACOMRAM=01h-05Fh -AABS1=00h-07FFh \
  -ABIGRAM=01h-07FFh -ARAM=060h-0FFh,0100h-01FFhx7 -ABANK0=060h-0FFh \
  -ABANK1=0100h-01FFh -ABANK2=0200h-02FFh -ABANK3=0300h-03FFh \
  -ABANK4=0400h-04FFh -ABANK5=0500h-05FFh -ABANK6=0600h-06FFh \
  -ABANK7=0700h-07FFh -ASFR=0F60h-0FFFh -ACONFIG=0300000h-030000Dh \
  -AIDLOC=0200000h-0200007h -AEEDATA=0F00000h-0F000FFh -peeprom_data=EEDATA \
  -preset_vec=00h,intcode=08h,intcodelo,powerup,init -pramtop=0800h \
  -psmallconst=SMALLCONST -pmediumconst=MEDIUMCONST -pconst=CONST \
  -AFARRAM=00h-00h \
  -prdata=COMRAM,nvrram=COMRAM,nvbit=COMRAM,rbss=COMRAM,rbit=COMRAM \
  -pfarbss=FARRAM,fardata=FARRAM,nvFARRAM=FARRAM \
  -pintsave_regs=BIGRAM,bigbss=BIGRAM,bigdata=BIGRAM -pbss=RAM \
  -pidata=CODE,irdata=CODE,ibigdata=CODE,ifardata=CODE -prparam=COMRAM \
  C:\Users\User\AppData\Local\Temp\xcAsfmg.o \
  dist/default/production\SmartWatch.X.production.o 

Object code version is 3.11

Machine type is 18F4550



                Name                               Link     Load   Length Selector   Space Scale
C:\Users\User\AppData\Local\Temp\xcAsfmg.o
                idloc                            200000   200000        8        0       5
                config                           300000   300000        E        0       4
                init                                  E        E        4        4       0
                reset_vec                             0        0        4        0       0
dist/default/production\SmartWatch.X.production.o
                intcode                               8        8        6        4       0
                idloc                            200000   200000        8        0       5
                config                           300000   300000        E        0       4
                temp                                 5F       5F        1        1       1
                smallconst                          800      800       58      400       0
                intcode_body                       4752     4752       1E     23A9       0
                text56                             42EA     42EA       4A      42C       0
                text55                             429E     429E       4C      42C       0
                text54                             4252     4252       4C      42C       0
                text53                             4334     4334       48      42C       0
                text52                             4770     4770       1A     23A9       0
                text51                             47C6     47C6       14     23A9       0
                text50                             465E     465E       30      42C       0
                text49                             409A     409A       5E      42C       0
                text48                             4492     4492       40      42C       0
                text47                             47B2     47B2       14     23A9       0
                text46                             479E     479E       14     23A9       0
                text45                             47DA     47DA       12     23A9       0
                text44                             450E     450E       3A      42C       0
                text43                             4710     4710       22      42C       0
                text42                             46BC     46BC       2E      42C       0
                text41                             468E     468E       2E      42C       0
                text40                             478A     478A       14     23A9       0
                text39                             4154     4154       5A      42C       0
                text38                             4408     4408       46      42C       0
                text37                             46EA     46EA       26      42C       0
                text36                             45F0     45F0       38      42C       0
                text35                             4200     4200       52      42C       0
                text34                             34F8     34F8      190      42C       0
                text33                             3CF6     3CF6       C4      42C       0
                text32                             3DBA     3DBA       B0      42C       0
                text31                             2764     2764      39A      42C       0
                text30                             3E6A     3E6A       AA      42C       0
                text29                             3790     3790      104      42C       0
                text28                             1F7E     1F7E      42A      42C       0
                text27                             45B8     45B8       38      42C       0
                text26                             1ABE     1ABE      4C0      42C       0
                text25                             43C2     43C2       46      42C       0
                text24                             3688     3688      108      42C       0
                text23                             3992     3992       FE      42C       0
                text22                             3132     3132      212      42C       0
                text21                             47EC     47EC        2     23A9       0
                text20                             3B66     3B66       CA      42C       0
                text19                             444E     444E       44      42C       0
                text18                             4628     4628       36      42C       0
                text17                             3C30     3C30       C6      42C       0
                text16                             40F8     40F8       5C      42C       0
                text15                             4580     4580       38      42C       0
                text14                             3FDC     3FDC       60      42C       0
                text13                              858      858      C58      42C       0
                text12                             3A90     3A90       D6      42C       0
                text11                             44D2     44D2       3C      42C       0
                text10                             4548     4548       38      42C       0
                text9                              403C     403C       5E      42C       0
                text8                              2E58     2E58      2DA      42C       0
                text7                              14B0     14B0      60E      42C       0
                text6                              3F7A     3F7A       62      42C       0
                text5                              41AE     41AE       52      42C       0
                text4                              2AFE     2AFE      35A      42C       0
                text3                              3344     3344      1B4      42C       0
                text2                              3894     3894       FE      42C       0
                text1                              3F14     3F14       66      42C       0
                text0                              23A8     23A8      3BC      42C       0
                cstackCOMRAM                          1        1       5E        1       1
                cstackBANK0                          60       60       85       60       1
                cstackBANK1                         18E      18E       45      100       1
                dataBANK1                           1D3      1D3       1F      100       1
                bssBANK1                            100      100       8E      100       1
                bssBANK0                             E5       E5       19       60       1
                cinit                              437C     437C       46      42C       0
                idataBANK1                         4732     4732       1F      42C       0

TOTAL           Name                               Link     Load   Length     Space
        CLASS   STACK          

        CLASS   CODE           
                intcode                               8        8        6         0
                init                                  E        E        4         0
                reset_vec                             0        0        4         0
                intcode_body                       4752     4752       1E         0
                text56                             42EA     42EA       4A         0
                text55                             429E     429E       4C         0
                text54                             4252     4252       4C         0
                text53                             4334     4334       48         0
                text52                             4770     4770       1A         0
                text51                             47C6     47C6       14         0
                text50                             465E     465E       30         0
                text49                             409A     409A       5E         0
                text48                             4492     4492       40         0
                text47                             47B2     47B2       14         0
                text46                             479E     479E       14         0
                text45                             47DA     47DA       12         0
                text44                             450E     450E       3A         0
                text43                             4710     4710       22         0
                text42                             46BC     46BC       2E         0
                text41                             468E     468E       2E         0
                text40                             478A     478A       14         0
                text39                             4154     4154       5A         0
                text38                             4408     4408       46         0
                text37                             46EA     46EA       26         0
                text36                             45F0     45F0       38         0
                text35                             4200     4200       52         0
                text34                             34F8     34F8      190         0
                text33                             3CF6     3CF6       C4         0
                text32                             3DBA     3DBA       B0         0
                text31                             2764     2764      39A         0
                text30                             3E6A     3E6A       AA         0
                text29                             3790     3790      104         0
                text28                             1F7E     1F7E      42A         0
                text27                             45B8     45B8       38         0
                text26                             1ABE     1ABE      4C0         0
                text25                             43C2     43C2       46         0
                text24                             3688     3688      108         0
                text23                             3992     3992       FE         0
                text22                             3132     3132      212         0
                text21                             47EC     47EC        2         0
                text20                             3B66     3B66       CA         0
                text19                             444E     444E       44         0
                text18                             4628     4628       36         0
                text17                             3C30     3C30       C6         0
                text16                             40F8     40F8       5C         0
                text15                             4580     4580       38         0
                text14                             3FDC     3FDC       60         0
                text13                              858      858      C58         0
                text12                             3A90     3A90       D6         0
                text11                             44D2     44D2       3C         0
                text10                             4548     4548       38         0
                text9                              403C     403C       5E         0
                text8                              2E58     2E58      2DA         0
                text7                              14B0     14B0      60E         0
                text6                              3F7A     3F7A       62         0
                text5                              41AE     41AE       52         0
                text4                              2AFE     2AFE      35A         0
                text3                              3344     3344      1B4         0
                text2                              3894     3894       FE         0
                text1                              3F14     3F14       66         0
                text0                              23A8     23A8      3BC         0
                cinit                              437C     437C       46         0
                idataBANK1                         4732     4732       1F         0

        CLASS   CONST          

        CLASS   SMALLCONST     
                smallconst                          800      800       58         0

        CLASS   MEDIUMCONST    

        CLASS   COMRAM         
                temp                                 5F       5F        1         1
                cstackCOMRAM                          1        1       5E         1

        CLASS   ABS1           

        CLASS   BIGRAM         

        CLASS   RAM            

        CLASS   BANK0          
                cstackBANK0                          60       60       85         1
                bssBANK0                             E5       E5       19         1

        CLASS   BANK1          
                cstackBANK1                         18E      18E       45         1
                dataBANK1                           1D3      1D3       1F         1
                bssBANK1                            100      100       8E         1

        CLASS   BANK2          

        CLASS   BANK3          

        CLASS   BANK4          

        CLASS   BANK5          

        CLASS   BANK6          

        CLASS   BANK7          

        CLASS   SFR            

        CLASS   CONFIG         
                config                           300000   300000        E         4

        CLASS   IDLOC          
                idloc                            200000   200000        8         5

        CLASS   EEDATA         

        CLASS   FARRAM         



SEGMENTS        Name                           Load    Length   Top    Selector   Space  Class

                reset_vec                      000000  000004  000004         0       0  CODE    
                cstackCOMRAM                   000001  00005F  000060         1       1  COMRAM  
                intcode                        000008  00000A  000012         4       0  CODE    
                cstackBANK0                    000060  00009E  0000FE        60       1  BANK0   
                bssBANK1                       000100  0000F2  0001F2       100       1  BANK1   
                smallconst                     000800  000058  000858       400       0  SMALLCON
                text13                         000858  003EF9  004751       42C       0  CODE    
                intcode_body                   004752  00009C  0047EE      23A9       0  CODE    


UNUSED ADDRESS RANGES

        Name                Unused          Largest block    Delta
        BANK0            0000FE-0000FF                2
        BANK1            0001F2-0001FF                E
        BANK2            000200-0002FF              100
        BANK3            000300-0003FF              100
        BANK4            000400-0004FF              100
        BANK5            000500-0005FF              100
        BANK6            000600-0006FF              100
        BANK7            000700-0007FF              100
        BIGRAM           0000FE-0000FF                2
                         0001F2-0007FF              60E
        CODE             000004-000007                4
                         000012-0007FF              7EE
                         004751-004751                1
                         0047EE-007FFF             3812
        CONST            000004-000007                4
                         000012-0007FF              7EE
                         004751-004751                1
                         0047EE-007FFF             3812
        EEDATA           F00000-F000FF              100
        MEDIUMCONST      004751-004751                1
                         0047EE-007FFF             3812
        RAM              0000FE-0000FF                2
                         0001F2-0007FF              100
        SFR              000F60-000FFF               A0
        SMALLCONST       004751-004751                1
                         0047EE-007FFF              100
        STACK            0001F2-0007FF              60E

                                  Symbol Table

?_ReadADC                               cstackBANK0  000062
?_ReadLUZ                               cstackCOMRAM 000001
?___awdiv                               cstackCOMRAM 000001
?___awmod                               cstackCOMRAM 000001
?___fladd                               cstackCOMRAM 000047
?___fldiv                               cstackCOMRAM 00002E
?___flmul                               cstackCOMRAM 000015
?___flneg                               cstackCOMRAM 000001
?___flsub                               cstackCOMRAM 000057
?___fltol                               cstackCOMRAM 000057
?___fpclassifyf                         cstackCOMRAM 000001
?___wmul                                cstackCOMRAM 000001
?___xxtofl                              cstackCOMRAM 000007
?_atoi                                  cstackCOMRAM 000008
?_efgtoa                                cstackBANK0  000062
?_floorf                                cstackCOMRAM 000047
?_isalpha                               cstackCOMRAM 000001
?_isdigit                               cstackCOMRAM 000001
?_islower                               cstackCOMRAM 000001
?_isspace                               cstackCOMRAM 000001
?_isupper                               cstackCOMRAM 000001
?_pad                                   cstackCOMRAM 000011
?_sprintf                               cstackBANK0  0000CE
?_strlen                                cstackCOMRAM 000001
?_strncmp                               cstackCOMRAM 000001
?_tolower                               cstackCOMRAM 000007
?_toupper                               cstackCOMRAM 000007
?_vfpfcnvrt                             cstackBANK0  0000A6
?_vfprintf                              cstackBANK0  0000C6
?_xtoa                                  cstackCOMRAM 00001C
I2C_Read@buffer                         cstackCOMRAM 000002
I2C_Read@flag                           cstackCOMRAM 000001
I2C_Repeated_Start@slave_read_address   cstackCOMRAM 000002
I2C_Start@slave_write_address           cstackCOMRAM 000002
I2C_Write@data                          cstackCOMRAM 000001
LCD_Char@dat                            cstackCOMRAM 000008
LCD_Command@cmd                         cstackCOMRAM 000008
LCD_Custom_Char@i                       cstackCOMRAM 00000C
LCD_Custom_Char@loc                     cstackCOMRAM 00000B
LCD_Custom_Char@msg                     cstackCOMRAM 000009
LCD_String@msg                          cstackCOMRAM 000009
LCD_String_xy@location                  cstackCOMRAM 00000F
LCD_String_xy@msg                       cstackCOMRAM 00000C
LCD_String_xy@pos                       cstackCOMRAM 00000B
LCD_String_xy@row                       cstackCOMRAM 00000E
MSdelay@i                               cstackCOMRAM 000003
MSdelay@j                               cstackCOMRAM 000005
MSdelay@val                             cstackCOMRAM 000001
RTC_Calendario@AM_PM                    cstackBANK1  0001D2
RTC_Calendario@Clock_type               cstackBANK1  0001D1
RTC_Calendario@F3531                    dataBANK1    0001D3
RTC_Calendario@date                     cstackBANK1  000195
RTC_Calendario@days                     cstackBANK1  00018E
RTC_Calendario@hours                    cstackBANK1  0001C7
RTC_Calendario@mins                     cstackBANK1  0001BD
RTC_Calendario@month                    cstackBANK1  00019F
RTC_Calendario@secs                     cstackBANK1  0001B3
RTC_Calendario@year                     cstackBANK1  0001A9
RTC_Read_Calendar@read_calendar_address cstackCOMRAM 000004
RTC_Read_Clock@read_clock_address       cstackCOMRAM 000004
ReadADC@result                          cstackBANK0  000066
ReadLUZ@result                          cstackCOMRAM 000005
_ACKDT                                  (abs)        007E2D
_ACKEN                                  (abs)        007E2C
_ACKSTAT                                (abs)        007E2E
_ADCON0bits                             (abs)        000FC2
_ADCON1bits                             (abs)        000FC1
_ADCON2bits                             (abs)        000FC0
_ADRESH                                 (abs)        000FC4
_ADRESL                                 (abs)        000FC3
_Date                                   bssBANK1     000120
_Day                                    bssBANK1     000122
_I2C_Ack                                text47       0047B2
_I2C_Init                               text52       004770
_I2C_Nack                               text46       00479E
_I2C_Read                               text44       00450E
_I2C_Ready                              text45       0047DA
_I2C_Repeated_Start                     text42       0046BC
_I2C_Start                              text41       00468E
_I2C_Stop                               text40       00478A
_I2C_Write                              text43       004710
_INTCONbits                             (abs)        000FF2
_ISR                                    intcode      000008
_LATCbits                               (abs)        000F8B
_LATD                                   (abs)        000F8C
_LATD0                                  (abs)        007C60
_LATD1                                  (abs)        007C61
_LATE0                                  (abs)        007C68
_LATE1                                  (abs)        007C69
_LATE2                                  (abs)        007C6A
_LCD_Char                               text55       00429E
_LCD_Clear                              text51       0047C6
_LCD_Command                            text54       004252
_LCD_Custom_Char                        text53       004334
_LCD_Init                               text50       00465E
_LCD_String                             text49       00409A
_LCD_String_xy                          text48       004492
_MSdelay                                text56       0042EA
_Month                                  bssBANK1     00011E
_OSCCON                                 (abs)        000FD3
_OSCCONbits                             (abs)        000FD3
_PEN                                    (abs)        007E2A
_PIE1bits                               (abs)        000F9D
_PIR1bits                               (abs)        000F9E
_RCEN                                   (abs)        007E2B
_RSEN                                   (abs)        007E29
_RTC_Calendario                         text4        002AFE
_RTC_Read_Calendar                      text39       004154
_RTC_Read_Clock                         text38       004408
_ReadADC                                text2        003894
_ReadLUZ                                text1        003F14
_SSPADD                                 (abs)        000FC8
_SSPBUF                                 (abs)        000FC9
_SSPCON1                                (abs)        000FC6
_SSPCON2                                (abs)        000FC5
_SSPCON2bits                            (abs)        000FC5
_SSPIE                                  (abs)        007CEB
_SSPIF                                  (abs)        007CF3
_SSPSTAT                                (abs)        000FC7
_SSPSTATbits                            (abs)        000FC7
_Sluz                                   bssBANK1     000100
_Stemp                                  bssBANK1     00017A
_T1CONbits                              (abs)        000FCD
_TMR1H                                  (abs)        000FCF
_TMR1L                                  (abs)        000FCE
_TRISA                                  (abs)        000F92
_TRISB0                                 (abs)        007C98
_TRISB1                                 (abs)        007C99
_TRISCbits                              (abs)        000F94
_TRISD                                  (abs)        000F95
_TRISE                                  (abs)        000F96
_Year                                   bssBANK1     00011C
__HRAM                                  (abs)        000000
__Habs1                                 abs1         000000
__Hbank0                                bank0        000000
__Hbank1                                bank1        000000
__Hbank2                                bank2        000000
__Hbank3                                bank3        000000
__Hbank4                                bank4        000000
__Hbank5                                bank5        000000
__Hbank6                                bank6        000000
__Hbank7                                bank7        000000
__Hbigbss                               bigbss       000000
__Hbigdata                              bigdata      000000
__Hbigram                               bigram       000000
__Hbss                                  bss          000000
__HbssBANK0                             bssBANK0     000000
__HbssBANK1                             bssBANK1     000000
__Hcinit                                cinit        000000
__Hclrtext                              clrtext      000000
__Hcomram                               comram       000000
__Hconfig                               config       30000E
__Hconst                                const        000000
__HcstackBANK0                          cstackBANK0  000000
__HcstackBANK1                          cstackBANK1  000000
__HcstackCOMRAM                         cstackCOMRAM 000000
__Hdata                                 data         000000
__HdataBANK1                            dataBANK1    000000
__Heeprom_data                          eeprom_data  000000
__Hfarbss                               farbss       000000
__Hfardata                              fardata      000000
__Hibigdata                             ibigdata     000000
__Hidata                                idata        000000
__HidataBANK1                           idataBANK1   000000
__Hidloc                                idloc        200008
__Hifardata                             ifardata     000000
__Hinit                                 init         000012
__Hintcode                              intcode      00000E
__Hintcode_body                         intcode_body 000000
__Hintcodelo                            intcodelo    00000E
__Hintentry                             intentry     000000
__Hintret                               intret       000000
__Hintsave_regs                         intsave_regs 000000
__Hirdata                               irdata       000000
__Hmediumconst                          mediumconst  000000
__HnvFARRAM                             nvFARRAM     000000
__Hnvbit                                nvbit        000000
__Hnvrram                               nvrram       000000
__Hparam                                rparam       000000
__Hpowerup                              powerup      00000E
__Hram                                  ram          000000
__Hramtop                               ramtop       000800
__Hrbit                                 rbit         000000
__Hrbss                                 rbss         000000
__Hrdata                                rdata        000000
__Hreset_vec                            reset_vec    000004
__Hrparam                               rparam       000000
__Hsfr                                  sfr          000000
__Hsmallconst                           smallconst   000858
__Hspace_0                              (abs)        0047EE
__Hspace_1                              (abs)        0001F2
__Hspace_2                              (abs)        000000
__Hspace_4                              (abs)        60000E
__Hstack                                stack        000000
__Hstruct                               struct       000000
__Htemp                                 temp         000060
__Htext                                 text         000000
__Htext0                                text0        000000
__Htext1                                text1        000000
__Htext10                               text10       000000
__Htext11                               text11       000000
__Htext12                               text12       000000
__Htext13                               text13       000000
__Htext14                               text14       000000
__Htext15                               text15       000000
__Htext16                               text16       000000
__Htext17                               text17       000000
__Htext18                               text18       000000
__Htext19                               text19       000000
__Htext2                                text2        000000
__Htext20                               text20       000000
__Htext21                               text21       000000
__Htext22                               text22       000000
__Htext23                               text23       000000
__Htext24                               text24       000000
__Htext25                               text25       000000
__Htext26                               text26       000000
__Htext27                               text27       000000
__Htext28                               text28       000000
__Htext29                               text29       000000
__Htext3                                text3        000000
__Htext30                               text30       000000
__Htext31                               text31       000000
__Htext32                               text32       000000
__Htext33                               text33       000000
__Htext34                               text34       000000
__Htext35                               text35       000000
__Htext36                               text36       000000
__Htext37                               text37       000000
__Htext38                               text38       000000
__Htext39                               text39       000000
__Htext4                                text4        000000
__Htext40                               text40       000000
__Htext41                               text41       000000
__Htext42                               text42       000000
__Htext43                               text43       000000
__Htext44                               text44       000000
__Htext45                               text45       000000
__Htext46                               text46       000000
__Htext47                               text47       000000
__Htext48                               text48       000000
__Htext49                               text49       000000
__Htext5                                text5        000000
__Htext50                               text50       000000
__Htext51                               text51       000000
__Htext52                               text52       000000
__Htext53                               text53       000000
__Htext54                               text54       000000
__Htext55                               text55       000000
__Htext56                               text56       000000
__Htext6                                text6        000000
__Htext7                                text7        000000
__Htext8                                text8        000000
__Htext9                                text9        000000
__LRAM                                  (abs)        000001
__Labs1                                 abs1         000000
__Lbank0                                bank0        000000
__Lbank1                                bank1        000000
__Lbank2                                bank2        000000
__Lbank3                                bank3        000000
__Lbank4                                bank4        000000
__Lbank5                                bank5        000000
__Lbank6                                bank6        000000
__Lbank7                                bank7        000000
__Lbigbss                               bigbss       000000
__Lbigdata                              bigdata      000000
__Lbigram                               bigram       000000
__Lbss                                  bss          000000
__LbssBANK0                             bssBANK0     000000
__LbssBANK1                             bssBANK1     000000
__Lcinit                                cinit        000000
__Lclrtext                              clrtext      000000
__Lcomram                               comram       000000
__Lconfig                               config       000000
__Lconst                                const        000000
__LcstackBANK0                          cstackBANK0  000000
__LcstackBANK1                          cstackBANK1  000000
__LcstackCOMRAM                         cstackCOMRAM 000000
__Ldata                                 data         000000
__LdataBANK1                            dataBANK1    000000
__Leeprom_data                          eeprom_data  000000
__Lfarbss                               farbss       000000
__Lfardata                              fardata      000000
__Libigdata                             ibigdata     000000
__Lidata                                idata        000000
__LidataBANK1                           idataBANK1   000000
__Lidloc                                idloc        000000
__Lifardata                             ifardata     000000
__Linit                                 init         00000E
__Lintcode                              intcode      000008
__Lintcode_body                         intcode_body 000000
__Lintcodelo                            intcodelo    00000E
__Lintentry                             intentry     000000
__Lintret                               intret       000000
__Lintsave_regs                         intsave_regs 000000
__Lirdata                               irdata       000000
__Lmediumconst                          mediumconst  000000
__LnvFARRAM                             nvFARRAM     000000
__Lnvbit                                nvbit        000000
__Lnvrram                               nvrram       000000
__Lparam                                rparam       000000
__Lpowerup                              powerup      00000E
__Lram                                  ram          000000
__Lramtop                               ramtop       000800
__Lrbit                                 rbit         000000
__Lrbss                                 rbss         000000
__Lrdata                                rdata        000000
__Lreset_vec                            reset_vec    000000
__Lrparam                               rparam       000000
__Lsfr                                  sfr          000000
__Lsmallconst                           smallconst   000800
__Lspace_0                              (abs)        000000
__Lspace_1                              (abs)        000000
__Lspace_2                              (abs)        000000
__Lspace_4                              (abs)        000000
__Lstack                                stack        000000
__Lstruct                               struct       000000
__Ltemp                                 temp         00005F
__Ltext                                 text         000000
__Ltext0                                text0        000000
__Ltext1                                text1        000000
__Ltext10                               text10       000000
__Ltext11                               text11       000000
__Ltext12                               text12       000000
__Ltext13                               text13       000000
__Ltext14                               text14       000000
__Ltext15                               text15       000000
__Ltext16                               text16       000000
__Ltext17                               text17       000000
__Ltext18                               text18       000000
__Ltext19                               text19       000000
__Ltext2                                text2        000000
__Ltext20                               text20       000000
__Ltext21                               text21       000000
__Ltext22                               text22       000000
__Ltext23                               text23       000000
__Ltext24                               text24       000000
__Ltext25                               text25       000000
__Ltext26                               text26       000000
__Ltext27                               text27       000000
__Ltext28                               text28       000000
__Ltext29                               text29       000000
__Ltext3                                text3        000000
__Ltext30                               text30       000000
__Ltext31                               text31       000000
__Ltext32                               text32       000000
__Ltext33                               text33       000000
__Ltext34                               text34       000000
__Ltext35                               text35       000000
__Ltext36                               text36       000000
__Ltext37                               text37       000000
__Ltext38                               text38       000000
__Ltext39                               text39       000000
__Ltext4                                text4        000000
__Ltext40                               text40       000000
__Ltext41                               text41       000000
__Ltext42                               text42       000000
__Ltext43                               text43       000000
__Ltext44                               text44       000000
__Ltext45                               text45       000000
__Ltext46                               text46       000000
__Ltext47                               text47       000000
__Ltext48                               text48       000000
__Ltext49                               text49       000000
__Ltext5                                text5        000000
__Ltext50                               text50       000000
__Ltext51                               text51       000000
__Ltext52                               text52       000000
__Ltext53                               text53       000000
__Ltext54                               text54       000000
__Ltext55                               text55       000000
__Ltext56                               text56       000000
__Ltext6                                text6        000000
__Ltext7                                text7        000000
__Ltext8                                text8        000000
__Ltext9                                text9        000000
__S0                                    (abs)        0047EE
__S1                                    (abs)        0001F2
__S2                                    (abs)        000000
__S4                                    (abs)        000000
__S5                                    (abs)        000000
___awdiv                                text33       003CF6
___awdiv@counter                        cstackCOMRAM 000005
___awdiv@dividend                       cstackCOMRAM 000001
___awdiv@divisor                        cstackCOMRAM 000003
___awdiv@quotient                       cstackCOMRAM 000007
___awdiv@sign                           cstackCOMRAM 000006
___awmod                                text32       003DBA
___awmod@counter                        cstackCOMRAM 000005
___awmod@dividend                       cstackCOMRAM 000001
___awmod@divisor                        cstackCOMRAM 000003
___awmod@sign                           cstackCOMRAM 000006
___fladd                                text26       001ABE
___fladd@a                              cstackCOMRAM 00004B
___fladd@aexp                           cstackCOMRAM 000054
___fladd@b                              cstackCOMRAM 000047
___fladd@bexp                           cstackCOMRAM 000055
___fladd@grs                            cstackCOMRAM 000056
___fladd@signs                          cstackCOMRAM 000053
___fldiv                                text31       002764
___fldiv@a                              cstackCOMRAM 000032
___fldiv@aexp                           cstackCOMRAM 000046
___fldiv@b                              cstackCOMRAM 00002E
___fldiv@bexp                           cstackCOMRAM 000045
___fldiv@grs                            cstackCOMRAM 000041
___fldiv@new_exp                        cstackCOMRAM 00003F
___fldiv@rem                            cstackCOMRAM 00003A
___fldiv@sign                           cstackCOMRAM 00003E
___fleq                                 text30       003E6A
___fleq@ff1                             cstackCOMRAM 000001
___fleq@ff2                             cstackCOMRAM 000005
___flge                                 text29       003790
___flge@ff1                             cstackCOMRAM 00002E
___flge@ff2                             cstackCOMRAM 000032
___flmul                                text28       001F7E
___flmul@a                              cstackCOMRAM 000019
___flmul@aexp                           cstackCOMRAM 000026
___flmul@b                              cstackCOMRAM 000015
___flmul@bexp                           cstackCOMRAM 000027
___flmul@grs                            cstackCOMRAM 000022
___flmul@prod                           cstackCOMRAM 000028
___flmul@sign                           cstackCOMRAM 000021
___flmul@temp                           cstackCOMRAM 00002C
___flneg                                text27       0045B8
___flneg@f1                             cstackCOMRAM 000001
___flsub                                text25       0043C2
___flsub@a                              cstackCOMRAM 00005B
___flsub@b                              cstackCOMRAM 000057
___fltol                                text24       003688
___fltol@exp1                           cstackBANK0  000061
___fltol@f1                             cstackCOMRAM 000057
___fltol@sign1                          cstackBANK0  000060
___fpclassifyf                          text23       003992
___fpclassifyf@F465                     bssBANK0     0000E9
___fpclassifyf@e                        cstackCOMRAM 000009
___fpclassifyf@u                        cstackCOMRAM 00000B
___fpclassifyf@x                        cstackCOMRAM 000001
___inthi_sp                             stack        000000
___intlo_sp                             stack        000000
___param_bank                           (abs)        000000
___rparam_used                          (abs)        000001
___sp                                   stack        000000
___wmul                                 text37       0046EA
___wmul@multiplicand                    cstackCOMRAM 000003
___wmul@multiplier                      cstackCOMRAM 000001
___wmul@product                         cstackCOMRAM 000005
___xxtofl                               text3        003344
___xxtofl@arg                           cstackCOMRAM 000011
___xxtofl@exp                           cstackCOMRAM 000010
___xxtofl@sign                          cstackCOMRAM 00000F
___xxtofl@val                           cstackCOMRAM 000007
__accesstop                             (abs)        000060
__activetblptr                          (abs)        000002
__end_of_I2C_Ack                        text47       0047C6
__end_of_I2C_Init                       text52       00478A
__end_of_I2C_Nack                       text46       0047B2
__end_of_I2C_Read                       text44       004548
__end_of_I2C_Ready                      text45       0047EC
__end_of_I2C_Repeated_Start             text42       0046EA
__end_of_I2C_Start                      text41       0046BC
__end_of_I2C_Stop                       text40       00479E
__end_of_I2C_Write                      text43       004732
__end_of_ISR                            intcode_body 004770
__end_of_LCD_Char                       text55       0042EA
__end_of_LCD_Clear                      text51       0047DA
__end_of_LCD_Command                    text54       00429E
__end_of_LCD_Custom_Char                text53       00437C
__end_of_LCD_Init                       text50       00468E
__end_of_LCD_String                     text49       0040F8
__end_of_LCD_String_xy                  text48       0044D2
__end_of_MSdelay                        text56       004334
__end_of_RTC_Calendario                 text4        002E58
__end_of_RTC_Read_Calendar              text39       0041AE
__end_of_RTC_Read_Clock                 text38       00444E
__end_of_ReadADC                        text2        003992
__end_of_ReadLUZ                        text1        003F7A
__end_of___awdiv                        text33       003DBA
__end_of___awmod                        text32       003E6A
__end_of___fladd                        text26       001F7E
__end_of___fldiv                        text31       002AFE
__end_of___fleq                         text30       003F14
__end_of___flge                         text29       003894
__end_of___flmul                        text28       0023A8
__end_of___flneg                        text27       0045F0
__end_of___flsub                        text25       004408
__end_of___fltol                        text24       003790
__end_of___fpclassifyf                  text23       003A90
__end_of___wmul                         text37       004710
__end_of___xxtofl                       text3        0034F8
__end_of__initialization                cinit        0043B4
__end_of_atoi                           text34       003688
__end_of_efgtoa                         text13       0014B0
__end_of_floorf                         text22       003344
__end_of_fputc                          text20       003C30
__end_of_fputs                          text19       004492
__end_of_isalpha                        text11       00450E
__end_of_isdigit                        text36       004628
__end_of_islower                        text10       004580
__end_of_isspace                        text35       004252
__end_of_isupper                        text15       0045B8
__end_of_main                           text0        002764
__end_of_pad                            text17       003CF6
__end_of_putch                          text21       0047EE
__end_of_sprintf                        text5        004200
__end_of_strcpy                         text16       004154
__end_of_strlen                         text18       00465E
__end_of_strncmp                        text12       003B66
__end_of_tolower                        text14       00403C
__end_of_toupper                        text9        00409A
__end_of_vfpfcnvrt                      text7        001ABE
__end_of_vfprintf                       text6        003FDC
__end_of_xtoa                           text8        003132
__initialization                        cinit        00437C
__mediumconst                           mediumconst  000000
__pbssBANK0                             bssBANK0     0000E5
__pbssBANK1                             bssBANK1     000100
__pcinit                                cinit        00437C
__pcstackBANK0                          cstackBANK0  000060
__pcstackBANK1                          cstackBANK1  00018E
__pcstackCOMRAM                         cstackCOMRAM 000001
__pdataBANK1                            dataBANK1    0001D3
__pidataBANK1                           idataBANK1   004732
__pintcode                              intcode      000008
__pintcode_body                         intcode_body 004752
__psmallconst                           smallconst   000800
__ptext0                                text0        0023A8
__ptext1                                text1        003F14
__ptext10                               text10       004548
__ptext11                               text11       0044D2
__ptext12                               text12       003A90
__ptext13                               text13       000858
__ptext14                               text14       003FDC
__ptext15                               text15       004580
__ptext16                               text16       0040F8
__ptext17                               text17       003C30
__ptext18                               text18       004628
__ptext19                               text19       00444E
__ptext2                                text2        003894
__ptext20                               text20       003B66
__ptext21                               text21       0047EC
__ptext22                               text22       003132
__ptext23                               text23       003992
__ptext24                               text24       003688
__ptext25                               text25       0043C2
__ptext26                               text26       001ABE
__ptext27                               text27       0045B8
__ptext28                               text28       001F7E
__ptext29                               text29       003790
__ptext3                                text3        003344
__ptext30                               text30       003E6A
__ptext31                               text31       002764
__ptext32                               text32       003DBA
__ptext33                               text33       003CF6
__ptext34                               text34       0034F8
__ptext35                               text35       004200
__ptext36                               text36       0045F0
__ptext37                               text37       0046EA
__ptext38                               text38       004408
__ptext39                               text39       004154
__ptext4                                text4        002AFE
__ptext40                               text40       00478A
__ptext41                               text41       00468E
__ptext42                               text42       0046BC
__ptext43                               text43       004710
__ptext44                               text44       00450E
__ptext45                               text45       0047DA
__ptext46                               text46       00479E
__ptext47                               text47       0047B2
__ptext48                               text48       004492
__ptext49                               text49       00409A
__ptext5                                text5        0041AE
__ptext50                               text50       00465E
__ptext51                               text51       0047C6
__ptext52                               text52       004770
__ptext53                               text53       004334
__ptext54                               text54       004252
__ptext55                               text55       00429E
__ptext56                               text56       0042EA
__ptext6                                text6        003F7A
__ptext7                                text7        0014B0
__ptext8                                text8        002E58
__ptext9                                text9        00403C
__ramtop                                ramtop       000800
__size_of_I2C_Ack                       (abs)        000000
__size_of_I2C_Init                      (abs)        000000
__size_of_I2C_Nack                      (abs)        000000
__size_of_I2C_Read                      (abs)        000000
__size_of_I2C_Ready                     (abs)        000000
__size_of_I2C_Repeated_Start            (abs)        000000
__size_of_I2C_Start                     (abs)        000000
__size_of_I2C_Stop                      (abs)        000000
__size_of_I2C_Write                     (abs)        000000
__size_of_ISR                           (abs)        000000
__size_of_LCD_Char                      (abs)        000000
__size_of_LCD_Clear                     (abs)        000000
__size_of_LCD_Command                   (abs)        000000
__size_of_LCD_Custom_Char               (abs)        000000
__size_of_LCD_Init                      (abs)        000000
__size_of_LCD_String                    (abs)        000000
__size_of_LCD_String_xy                 (abs)        000000
__size_of_MSdelay                       (abs)        000000
__size_of_RTC_Calendario                (abs)        000000
__size_of_RTC_Read_Calendar             (abs)        000000
__size_of_RTC_Read_Clock                (abs)        000000
__size_of_ReadADC                       (abs)        000000
__size_of_ReadLUZ                       (abs)        000000
__size_of___awdiv                       (abs)        000000
__size_of___awmod                       (abs)        000000
__size_of___fladd                       (abs)        000000
__size_of___fldiv                       (abs)        000000
__size_of___fleq                        (abs)        000000
__size_of___flge                        (abs)        000000
__size_of___flmul                       (abs)        000000
__size_of___flneg                       (abs)        000000
__size_of___flsub                       (abs)        000000
__size_of___fltol                       (abs)        000000
__size_of___fpclassifyf                 (abs)        000000
__size_of___wmul                        (abs)        000000
__size_of___xxtofl                      (abs)        000000
__size_of_atoi                          (abs)        000000
__size_of_efgtoa                        (abs)        000000
__size_of_floorf                        (abs)        000000
__size_of_fputc                         (abs)        000000
__size_of_fputs                         (abs)        000000
__size_of_isalpha                       (abs)        000000
__size_of_isdigit                       (abs)        000000
__size_of_islower                       (abs)        000000
__size_of_isspace                       (abs)        000000
__size_of_isupper                       (abs)        000000
__size_of_main                          (abs)        000000
__size_of_pad                           (abs)        000000
__size_of_putch                         (abs)        000000
__size_of_sprintf                       (abs)        000000
__size_of_strcpy                        (abs)        000000
__size_of_strlen                        (abs)        000000
__size_of_strncmp                       (abs)        000000
__size_of_tolower                       (abs)        000000
__size_of_toupper                       (abs)        000000
__size_of_vfpfcnvrt                     (abs)        000000
__size_of_vfprintf                      (abs)        000000
__size_of_xtoa                          (abs)        000000
__smallconst                            smallconst   000800
_atoi                                   text34       0034F8
_atoi$1723                              cstackCOMRAM 000010
_atoi$1724                              cstackCOMRAM 000014
_atoi$1725                              cstackCOMRAM 000012
_character1                             dataBANK1    0001EA
_character2                             dataBANK1    0001E2
_character3                             dataBANK1    0001DA
_dbuf                                   bssBANK1     00012A
_efgtoa                                 text13       000858
_efgtoa$1647                            cstackBANK0  00006E
_efgtoa$1648                            cstackBANK0  000070
_efgtoa$1653                            cstackBANK0  000072
_efgtoa$1657                            cstackBANK0  000074
_efgtoa$1658                            cstackBANK0  000076
_efgtoa$1659                            cstackBANK0  000078
_flags                                  bssBANK0     0000FB
_floorf                                 text22       003132
_fputc                                  text20       003B66
_fputs                                  text19       00444E
_hour                                   bssBANK1     000124
_i                                      bssBANK0     0000FD
_isalpha                                text11       0044D2
_isdigit                                text36       0045F0
_islower                                text10       004548
_isspace                                text35       004200
_isspace$1763                           cstackCOMRAM 000007
_isupper                                text15       004580
_luz                                    bssBANK0     0000ED
_main                                   text0        0023A8
_main$2068                              cstackBANK0  0000E1
_min                                    bssBANK1     000126
_nout                                   bssBANK0     0000F5
_pad                                    text17       003C30
_prec                                   bssBANK0     0000F9
_putch                                  text21       0047EC
_sec                                    bssBANK1     000128
_sprintf                                text5        0041AE
_strcpy                                 text16       0040F8
_strlen                                 text18       004628
_strncmp                                text12       003A90
_temp                                   bssBANK1     000118
_tempar                                 bssBANK0     0000F1
_temperatura                            bssBANK1     000114
_tolower                                text14       003FDC
_tolower$1827                           cstackCOMRAM 00000D
_toupper                                text9        00403C
_toupper$1842                           cstackCOMRAM 00000D
_vfpfcnvrt                              text7        0014B0
_vfpfcnvrt$1684                         cstackBANK0  0000BA
_vfpfcnvrt$1688                         cstackBANK0  0000BC
_vfprintf                               text6        003F7A
_width                                  bssBANK0     0000F7
_xtoa                                   text8        002E58
_xtoa$1669                              cstackCOMRAM 00002F
_xtoa$1670                              cstackCOMRAM 000031
atoi@n                                  cstackCOMRAM 000015
atoi@neg                                cstackCOMRAM 00000E
atoi@s                                  cstackCOMRAM 000008
btemp                                   temp         00005F
efgtoa@c                                cstackBANK0  000068
efgtoa@d                                cstackBANK0  000086
efgtoa@e                                cstackBANK0  00009E
efgtoa@f                                cstackBANK0  000064
efgtoa@fp                               cstackBANK0  000062
efgtoa@g                                cstackBANK0  00009A
efgtoa@h                                cstackBANK0  000090
efgtoa@i                                cstackBANK0  000098
efgtoa@l                                cstackBANK0  000094
efgtoa@m                                cstackBANK0  000080
efgtoa@mode                             cstackBANK0  00008F
efgtoa@n                                cstackBANK0  0000A0
efgtoa@ne                               cstackBANK0  00007E
efgtoa@nmode                            cstackBANK0  00008E
efgtoa@ou                               cstackBANK0  000082
efgtoa@p                                cstackBANK0  00008A
efgtoa@pp                               cstackBANK0  00007C
efgtoa@sign                             cstackBANK0  000088
efgtoa@t                                cstackBANK0  00007A
efgtoa@u                                cstackBANK0  0000A2
efgtoa@w                                cstackBANK0  00008C
end_of_initialization                   cinit        0043B4
floorf@F527                             bssBANK0     0000E5
floorf@e                                cstackCOMRAM 000055
floorf@m                                cstackCOMRAM 000051
floorf@u                                cstackCOMRAM 000057
floorf@x                                cstackCOMRAM 000047
fputc@c                                 cstackCOMRAM 000001
fputc@fp                                cstackCOMRAM 000003
fputs@c                                 cstackCOMRAM 00000E
fputs@fp                                cstackCOMRAM 00000C
fputs@i                                 cstackCOMRAM 00000F
fputs@s                                 cstackCOMRAM 00000A
int$flags                               temp         00005F
int_func                                intcode_body 004752
intlevel0                               text         000000
intlevel1                               text         000000
intlevel2                               text         000000
intlevel3                               text         000000
isa$std                                 (abs)        000001
isa$xinst                               (abs)        000000
isalpha@c                               cstackCOMRAM 000001
isdigit@c                               cstackCOMRAM 000001
islower@c                               cstackCOMRAM 000001
isspace@c                               cstackCOMRAM 000001
isupper@c                               cstackCOMRAM 000001
pad@buf                                 cstackCOMRAM 000013
pad@fp                                  cstackCOMRAM 000011
pad@i                                   cstackCOMRAM 000018
pad@p                                   cstackCOMRAM 000015
pad@w                                   cstackCOMRAM 00001A
sprintf@ap                              cstackBANK0  0000D6
sprintf@f                               cstackBANK0  0000D8
sprintf@fmt                             cstackBANK0  0000D0
sprintf@s                               cstackBANK0  0000CE
stackhi                                 (abs)        0007FF
stacklo                                 (abs)        0001F2
start                                   init         00000E
start_initialization                    cinit        00437C
strcpy@d                                cstackCOMRAM 000009
strcpy@dest                             cstackCOMRAM 000001
strcpy@s                                cstackCOMRAM 000007
strcpy@src                              cstackCOMRAM 000003
strlen@a                                cstackCOMRAM 000003
strlen@s                                cstackCOMRAM 000001
strncmp@_l                              cstackCOMRAM 000001
strncmp@_r                              cstackCOMRAM 000003
strncmp@l                               cstackCOMRAM 000008
strncmp@n                               cstackCOMRAM 000005
strncmp@r                               cstackCOMRAM 00000A
tolower@c                               cstackCOMRAM 000007
toupper@c                               cstackCOMRAM 000007
ttemp5                                  temp         000060
ttemp6                                  temp         000063
ttemp7                                  temp         000067
vfpfcnvrt@ap                            cstackBANK0  0000AA
vfpfcnvrt@c                             cstackBANK0  0000C5
vfpfcnvrt@ct                            cstackBANK0  0000C2
vfpfcnvrt@done                          cstackBANK0  0000B8
vfpfcnvrt@f                             cstackBANK0  0000BE
vfpfcnvrt@fmt                           cstackBANK0  0000A8
vfpfcnvrt@fp                            cstackBANK0  0000A6
vfpfcnvrt@llu                           cstackBANK0  0000B0
vfprintf@ap                             cstackBANK0  0000CA
vfprintf@cfmt                           cstackBANK0  0000CC
vfprintf@fmt                            cstackBANK0  0000C8
vfprintf@fp                             cstackBANK0  0000C6
wtemp8                                  temp         000060
xtoa@c                                  cstackCOMRAM 000041
xtoa@d                                  cstackCOMRAM 00001E
xtoa@fp                                 cstackCOMRAM 00001C
xtoa@i                                  cstackCOMRAM 00003F
xtoa@n                                  cstackCOMRAM 000037
xtoa@p                                  cstackCOMRAM 000033
xtoa@w                                  cstackCOMRAM 000035
xtoa@x                                  cstackCOMRAM 000026


MODULE INFORMATION

Module		Function		Class		Link	Load	Size
C:\Program Files\Microchip\xc8\v2.32\pic\sources\c99\common\nf_sprintf.c
		_sprintf       		CODE           	41AE	0000	82

C:\Program Files\Microchip\xc8\v2.32\pic\sources\c99\common\nf_sprintf.c estimated size: 82

C:\Program Files\Microchip\xc8\v2.32\pic\sources\c99\common\awdiv.c
		___awdiv       		CODE           	3CF6	0000	196

C:\Program Files\Microchip\xc8\v2.32\pic\sources\c99\common\awdiv.c estimated size: 196

C:\Program Files\Microchip\xc8\v2.32\pic\sources\c99\common\isdigit.c
		_isdigit       		CODE           	45F0	0000	56

C:\Program Files\Microchip\xc8\v2.32\pic\sources\c99\common\isdigit.c estimated size: 56

C:\Program Files\Microchip\xc8\v2.32\pic\sources\c99\common\sprcadd.c
		___flsub       		CODE           	43C2	0000	70
		___fladd       		CODE           	1ABE	0000	1216

C:\Program Files\Microchip\xc8\v2.32\pic\sources\c99\common\sprcadd.c estimated size: 1286

Sensor_luz.c
		_ReadLUZ       		CODE           	3F14	0000	102

Sensor_luz.c estimated size: 102

C:\Program Files\Microchip\xc8\v2.32\pic\sources\c99\common\doprnt.c
		_vfpfcnvrt     		CODE           	14B0	0000	1550
		_efgtoa        		CODE           	0858	0000	3160
		_pad           		CODE           	3C30	0000	198
		_vfprintf      		CODE           	3F7A	0000	98
		_xtoa          		CODE           	2E58	0000	730

C:\Program Files\Microchip\xc8\v2.32\pic\sources\c99\common\doprnt.c estimated size: 5736

C:\Program Files\Microchip\xc8\v2.32\pic\sources\c99\common\flneg.c
		___flneg       		CODE           	45B8	0000	56

C:\Program Files\Microchip\xc8\v2.32\pic\sources\c99\common\flneg.c estimated size: 56

reloj.c
		_RTC_Calendario		CODE           	2AFE	0000	858
		_RTC_Read_Clock		CODE           	4408	0000	70
		_RTC_Read_Calendar		CODE           	4154	0000	90

reloj.c estimated size: 1018

C:\Program Files\Microchip\xc8\v2.32\pic\sources\c99\common\atoi.c
		_atoi          		CODE           	34F8	0000	400

C:\Program Files\Microchip\xc8\v2.32\pic\sources\c99\common\atoi.c estimated size: 400

C:\Program Files\Microchip\xc8\v2.32\pic\sources\c99\common\nf_fputs.c
		_fputs         		CODE           	444E	0000	68

C:\Program Files\Microchip\xc8\v2.32\pic\sources\c99\common\nf_fputs.c estimated size: 68

C:\Program Files\Microchip\xc8\v2.32\pic\sources\c99\common\fleq.c
		___fleq        		CODE           	3E6A	0000	170

C:\Program Files\Microchip\xc8\v2.32\pic\sources\c99\common\fleq.c estimated size: 170

C:\Program Files\Microchip\xc8\v2.32\pic\sources\c99\common\putch.c
		_putch         		CODE           	47EC	0000	2

C:\Program Files\Microchip\xc8\v2.32\pic\sources\c99\common\putch.c estimated size: 2

C:\Program Files\Microchip\xc8\v2.32\pic\sources\c99\common\__fpclassifyf.c
		___fpclassifyf 		CODE           	3992	0000	254

C:\Program Files\Microchip\xc8\v2.32\pic\sources\c99\common\__fpclassifyf.c estimated size: 254

C:\Program Files\Microchip\xc8\v2.32\pic\sources\c99\common\isupper.c
		_isupper       		CODE           	4580	0000	56

C:\Program Files\Microchip\xc8\v2.32\pic\sources\c99\common\isupper.c estimated size: 56

Reloj_ar.c
		_I2C_Write     		CODE           	4710	0000	34
		_I2C_Stop      		CODE           	478A	0000	20
		_I2C_Read      		CODE           	450E	0000	58
		_I2C_Ready     		CODE           	47DA	0000	18
		_I2C_Init      		CODE           	4770	0000	26
		_I2C_Repeated_Start		CODE           	46BC	0000	46
		_I2C_Ack       		CODE           	47B2	0000	20
		_I2C_Nack      		CODE           	479E	0000	20
		_I2C_Start     		CODE           	468E	0000	46

Reloj_ar.c estimated size: 288

C:\Program Files\Microchip\xc8\v2.32\pic\sources\c99\common\Umul16.c
		___wmul        		CODE           	46EA	0000	38

C:\Program Files\Microchip\xc8\v2.32\pic\sources\c99\common\Umul16.c estimated size: 38

Melodia2.c
		_ISR           		CODE           	0008	0000	36

Melodia2.c estimated size: 36

LCD_caracter.c
		_LCD_String    		CODE           	409A	0000	94
		_LCD_Init      		CODE           	465E	0000	48
		_LCD_Command   		CODE           	4252	0000	76
		_LCD_String_xy 		CODE           	4492	0000	64
		_LCD_Char      		CODE           	429E	0000	76
		_LCD_Clear     		CODE           	47C6	0000	20
		_MSdelay       		CODE           	42EA	0000	74
		_LCD_Custom_Char		CODE           	4334	0000	72

LCD_caracter.c estimated size: 524

C:\Program Files\Microchip\xc8\v2.32\pic\sources\c99\common\isspace.c
		_isspace       		CODE           	4200	0000	82

C:\Program Files\Microchip\xc8\v2.32\pic\sources\c99\common\isspace.c estimated size: 82

C:\Program Files\Microchip\xc8\v2.32\pic\sources\c99\common\islower.c
		_islower       		CODE           	4548	0000	56

C:\Program Files\Microchip\xc8\v2.32\pic\sources\c99\common\islower.c estimated size: 56

C:\Program Files\Microchip\xc8\v2.32\pic\sources\c99\common\strncmp.c
		_strncmp       		CODE           	3A90	0000	214

C:\Program Files\Microchip\xc8\v2.32\pic\sources\c99\common\strncmp.c estimated size: 214

C:\Program Files\Microchip\xc8\v2.32\pic\sources\c99\common\tolower.c
		_tolower       		CODE           	3FDC	0000	96

C:\Program Files\Microchip\xc8\v2.32\pic\sources\c99\common\tolower.c estimated size: 96

shared
		__initialization		CODE           	437C	0000	56

shared estimated size: 56

C:\Program Files\Microchip\xc8\v2.32\pic\sources\c99\common\sprcmul.c
		___flmul       		CODE           	1F7E	0000	1066

C:\Program Files\Microchip\xc8\v2.32\pic\sources\c99\common\sprcmul.c estimated size: 1066

C:\Program Files\Microchip\xc8\v2.32\pic\sources\c99\common\awmod.c
		___awmod       		CODE           	3DBA	0000	176

C:\Program Files\Microchip\xc8\v2.32\pic\sources\c99\common\awmod.c estimated size: 176

C:\Program Files\Microchip\xc8\v2.32\pic\sources\c99\common\sprcdiv.c
		___fldiv       		CODE           	2764	0000	922

C:\Program Files\Microchip\xc8\v2.32\pic\sources\c99\common\sprcdiv.c estimated size: 922

C:\Program Files\Microchip\xc8\v2.32\pic\sources\c99\common\toupper.c
		_toupper       		CODE           	403C	0000	94

C:\Program Files\Microchip\xc8\v2.32\pic\sources\c99\common\toupper.c estimated size: 94

C:\Program Files\Microchip\xc8\v2.32\pic\sources\c99\common\isalpha.c
		_isalpha       		CODE           	44D2	0000	60

C:\Program Files\Microchip\xc8\v2.32\pic\sources\c99\common\isalpha.c estimated size: 60

C:\Program Files\Microchip\xc8\v2.32\pic\sources\c99\common\fltol.c
		___fltol       		CODE           	3688	0000	264

C:\Program Files\Microchip\xc8\v2.32\pic\sources\c99\common\fltol.c estimated size: 264

smart_main.c
		_main          		CODE           	23A8	0000	956

smart_main.c estimated size: 956

C:\Program Files\Microchip\xc8\v2.32\pic\sources\c99\common\xxtofl.c
		___xxtofl      		CODE           	3344	0000	436

C:\Program Files\Microchip\xc8\v2.32\pic\sources\c99\common\xxtofl.c estimated size: 436

C:\Program Files\Microchip\xc8\v2.32\pic\sources\c99\common\nf_fputc.c
		_fputc         		CODE           	3B66	0000	202

C:\Program Files\Microchip\xc8\v2.32\pic\sources\c99\common\nf_fputc.c estimated size: 202

C:\Program Files\Microchip\xc8\v2.32\pic\sources\c99\common\strlen.c
		_strlen        		CODE           	4628	0000	54

C:\Program Files\Microchip\xc8\v2.32\pic\sources\c99\common\strlen.c estimated size: 54

C:\Program Files\Microchip\xc8\v2.32\pic\sources\c99\common\flge.c
		___flge        		CODE           	3790	0000	260

C:\Program Files\Microchip\xc8\v2.32\pic\sources\c99\common\flge.c estimated size: 260

C:\Program Files\Microchip\xc8\v2.32\pic\sources\c99\common\floorf.c
		_floorf        		CODE           	3132	0000	530

C:\Program Files\Microchip\xc8\v2.32\pic\sources\c99\common\floorf.c estimated size: 530

Temperatura.c
		_ReadADC       		CODE           	3894	0000	254

Temperatura.c estimated size: 254

C:\Program Files\Microchip\xc8\v2.32\pic\sources\c99\common\strcpy.c
		_strcpy        		CODE           	40F8	0000	92

C:\Program Files\Microchip\xc8\v2.32\pic\sources\c99\common\strcpy.c estimated size: 92

