Microchip MPLAB XC8 Compiler V2.32

Linker command line:

-W-3 --edf=C:\Program Files\Microchip\xc8\v2.32\pic\dat\en_msgs.txt -cn \
  -h+dist/default/production\SmartWatch.X.production.sym \
  --cmf=dist/default/production\SmartWatch.X.production.cmf -z -Q18F4550 \
  -oC:\Users\User\AppData\Local\Temp\xcAsojs.4 --defsym=__MPLAB_BUILD=1 \
  -Mdist/default/production/SmartWatch.X.production.map -E1 \
  -ver=XC8 Compiler --acfsm=1493 -ASTACK=01FAh-07FFh -pstack=STACK \
  -ACODE=00h-07FFFh -ACONST=00h-07FFFh -ASMALLCONST=0800h-08FFhx120 \
  -AMEDIUMCONST=0800h-07FFFh -ACOMRAM=01h-05Fh -AABS1=00h-07FFh \
  -ABIGRAM=01h-07FFh -ARAM=060h-0FFh,0100h-01FFhx7 -ABANK0=060h-0FFh \
  -ABANK1=0100h-01FFh -ABANK2=0200h-02FFh -ABANK3=0300h-03FFh \
  -ABANK4=0400h-04FFh -ABANK5=0500h-05FFh -ABANK6=0600h-06FFh \
  -ABANK7=0700h-07FFh -ASFR=0F60h-0FFFh -ACONFIG=0300000h-030000Dh \
  -AIDLOC=0200000h-0200007h -AEEDATA=0F00000h-0F000FFh -peeprom_data=EEDATA \
  -preset_vec=00h,intcode=08h,intcodelo,powerup,init -pramtop=0800h \
  -psmallconst=SMALLCONST -pmediumconst=MEDIUMCONST -pconst=CONST \
  -AFARRAM=00h-00h \
  -prdata=COMRAM,nvrram=COMRAM,nvbit=COMRAM,rbss=COMRAM,rbit=COMRAM \
  -pfarbss=FARRAM,fardata=FARRAM,nvFARRAM=FARRAM \
  -pintsave_regs=BIGRAM,bigbss=BIGRAM,bigdata=BIGRAM -pbss=RAM \
  -pidata=CODE,irdata=CODE,ibigdata=CODE,ifardata=CODE -prparam=COMRAM \
  C:\Users\User\AppData\Local\Temp\xcAsojs.o \
  dist/default/production\SmartWatch.X.production.o 

Object code version is 3.11

Machine type is 18F4550



                Name                               Link     Load   Length Selector   Space Scale
C:\Users\User\AppData\Local\Temp\xcAsojs.o
                idloc                            200000   200000        8        0       5
                config                           300000   300000        E        0       4
                init                                  E        E        4        4       0
                reset_vec                             0        0        4        0       0
dist/default/production\SmartWatch.X.production.o
                intcode                               8        8        6        4       0
                idloc                            200000   200000        8        0       5
                config                           300000   300000        E        0       4
                temp                                 5D       5D        1        1       1
                smallconst                          800      800       58      400       0
                text62                             488E     488E        A     23E8       0
                intcode_body                       3F04     3F04       8A      42C       0
                text60                             4364     4364       4A      42C       0
                text59                             4318     4318       4C      42C       0
                text58                             42CC     42CC       4C      42C       0
                text57                             443E     443E       48      42C       0
                text56                             4872     4872       12     23E8       0
                text55                             4884     4884        A     23E8       0
                text54                             483A     483A       14     23E8       0
                text53                             4860     4860       12     23E8       0
                text52                             47D0     47D0       1A     23E8       0
                text51                             4826     4826       14     23E8       0
                text50                             46DC     46DC       30      42C       0
                text49                             4114     4114       5E      42C       0
                text48                             4510     4510       40      42C       0
                text47                             4812     4812       14     23E8       0
                text46                             47FE     47FE       14     23E8       0
                text45                             484E     484E       12     23E8       0
                text44                             458C     458C       3A      42C       0
                text43                             478E     478E       22      42C       0
                text42                             473A     473A       2E      42C       0
                text41                             470C     470C       2E      42C       0
                text40                             47EA     47EA       14     23E8       0
                text39                             41CE     41CE       5A      42C       0
                text38                             4486     4486       46      42C       0
                text37                             4768     4768       26      42C       0
                text36                             466E     466E       38      42C       0
                text35                             427A     427A       52      42C       0
                text34                             34E8     34E8      190      42C       0
                text33                             3CE6     3CE6       C4      42C       0
                text32                             3DAA     3DAA       B0      42C       0
                text31                             2754     2754      39A      42C       0
                text30                             3E5A     3E5A       AA      42C       0
                text29                             3780     3780      104      42C       0
                text28                             1F7E     1F7E      42A      42C       0
                text27                             4636     4636       38      42C       0
                text26                             1ABE     1ABE      4C0      42C       0
                text25                             43F6     43F6       48      42C       0
                text24                             3678     3678      108      42C       0
                text23                             3982     3982       FE      42C       0
                text22                             3122     3122      212      42C       0
                text21                             4898     4898        2     23E8       0
                text20                             3B56     3B56       CA      42C       0
                text19                             44CC     44CC       44      42C       0
                text18                             46A6     46A6       36      42C       0
                text17                             3C20     3C20       C6      42C       0
                text16                             4172     4172       5C      42C       0
                text15                             45FE     45FE       38      42C       0
                text14                             4056     4056       60      42C       0
                text13                              858      858      C58      42C       0
                text12                             3A80     3A80       D6      42C       0
                text11                             4550     4550       3C      42C       0
                text10                             45C6     45C6       38      42C       0
                text9                              40B6     40B6       5E      42C       0
                text8                              2E48     2E48      2DA      42C       0
                text7                              14B0     14B0      60E      42C       0
                text6                              3FF4     3FF4       62      42C       0
                text5                              4228     4228       52      42C       0
                text4                              2AEE     2AEE      35A      42C       0
                text3                              3334     3334      1B4      42C       0
                text2                              3884     3884       FE      42C       0
                text1                              3F8E     3F8E       66      42C       0
                text0                              23A8     23A8      3AC      42C       0
                cstackCOMRAM                          1        1       5B        1       1
                cstackBANK0                          60       60       8B       60       1
                cstackBANK1                         196      196       45      100       1
                dataBANK1                           1DB      1DB       1F      100       1
                bssBANK1                            100      100       96      100       1
                bssBANK0                             EB       EB       12       60       1
                bssCOMRAM                            5C       5C        1        1       1
                cinit                              43AE     43AE       48      42C       0
                idataBANK1                         47B0     47B0       1F      42C       0

TOTAL           Name                               Link     Load   Length     Space
        CLASS   STACK          

        CLASS   CODE           
                intcode                               8        8        6         0
                init                                  E        E        4         0
                reset_vec                             0        0        4         0
                text62                             488E     488E        A         0
                intcode_body                       3F04     3F04       8A         0
                text60                             4364     4364       4A         0
                text59                             4318     4318       4C         0
                text58                             42CC     42CC       4C         0
                text57                             443E     443E       48         0
                text56                             4872     4872       12         0
                text55                             4884     4884        A         0
                text54                             483A     483A       14         0
                text53                             4860     4860       12         0
                text52                             47D0     47D0       1A         0
                text51                             4826     4826       14         0
                text50                             46DC     46DC       30         0
                text49                             4114     4114       5E         0
                text48                             4510     4510       40         0
                text47                             4812     4812       14         0
                text46                             47FE     47FE       14         0
                text45                             484E     484E       12         0
                text44                             458C     458C       3A         0
                text43                             478E     478E       22         0
                text42                             473A     473A       2E         0
                text41                             470C     470C       2E         0
                text40                             47EA     47EA       14         0
                text39                             41CE     41CE       5A         0
                text38                             4486     4486       46         0
                text37                             4768     4768       26         0
                text36                             466E     466E       38         0
                text35                             427A     427A       52         0
                text34                             34E8     34E8      190         0
                text33                             3CE6     3CE6       C4         0
                text32                             3DAA     3DAA       B0         0
                text31                             2754     2754      39A         0
                text30                             3E5A     3E5A       AA         0
                text29                             3780     3780      104         0
                text28                             1F7E     1F7E      42A         0
                text27                             4636     4636       38         0
                text26                             1ABE     1ABE      4C0         0
                text25                             43F6     43F6       48         0
                text24                             3678     3678      108         0
                text23                             3982     3982       FE         0
                text22                             3122     3122      212         0
                text21                             4898     4898        2         0
                text20                             3B56     3B56       CA         0
                text19                             44CC     44CC       44         0
                text18                             46A6     46A6       36         0
                text17                             3C20     3C20       C6         0
                text16                             4172     4172       5C         0
                text15                             45FE     45FE       38         0
                text14                             4056     4056       60         0
                text13                              858      858      C58         0
                text12                             3A80     3A80       D6         0
                text11                             4550     4550       3C         0
                text10                             45C6     45C6       38         0
                text9                              40B6     40B6       5E         0
                text8                              2E48     2E48      2DA         0
                text7                              14B0     14B0      60E         0
                text6                              3FF4     3FF4       62         0
                text5                              4228     4228       52         0
                text4                              2AEE     2AEE      35A         0
                text3                              3334     3334      1B4         0
                text2                              3884     3884       FE         0
                text1                              3F8E     3F8E       66         0
                text0                              23A8     23A8      3AC         0
                cinit                              43AE     43AE       48         0
                idataBANK1                         47B0     47B0       1F         0

        CLASS   CONST          

        CLASS   SMALLCONST     
                smallconst                          800      800       58         0

        CLASS   MEDIUMCONST    

        CLASS   COMRAM         
                temp                                 5D       5D        1         1
                cstackCOMRAM                          1        1       5B         1
                bssCOMRAM                            5C       5C        1         1

        CLASS   ABS1           

        CLASS   BIGRAM         

        CLASS   RAM            

        CLASS   BANK0          
                cstackBANK0                          60       60       8B         1
                bssBANK0                             EB       EB       12         1

        CLASS   BANK1          
                cstackBANK1                         196      196       45         1
                dataBANK1                           1DB      1DB       1F         1
                bssBANK1                            100      100       96         1

        CLASS   BANK2          

        CLASS   BANK3          

        CLASS   BANK4          

        CLASS   BANK5          

        CLASS   BANK6          

        CLASS   BANK7          

        CLASS   SFR            

        CLASS   CONFIG         
                config                           300000   300000        E         4

        CLASS   IDLOC          
                idloc                            200000   200000        8         5

        CLASS   EEDATA         

        CLASS   FARRAM         



SEGMENTS        Name                           Load    Length   Top    Selector   Space  Class

                reset_vec                      000000  000004  000004         0       0  CODE    
                cstackCOMRAM                   000001  00005D  00005E         1       1  COMRAM  
                intcode                        000008  00000A  000012         4       0  CODE    
                cstackBANK0                    000060  00009D  0000FD        60       1  BANK0   
                bssBANK1                       000100  0000FA  0001FA       100       1  BANK1   
                smallconst                     000800  000058  000858       400       0  SMALLCON
                text13                         000858  003F77  0047CF       42C       0  CODE    
                text52                         0047D0  0000CA  00489A      23E8       0  CODE    


UNUSED ADDRESS RANGES

        Name                Unused          Largest block    Delta
        BANK0            0000FD-0000FF                3
        BANK1            0001FA-0001FF                6
        BANK2            000200-0002FF              100
        BANK3            000300-0003FF              100
        BANK4            000400-0004FF              100
        BANK5            000500-0005FF              100
        BANK6            000600-0006FF              100
        BANK7            000700-0007FF              100
        BIGRAM           00005E-00005F                2
                         0000FD-0000FF                3
                         0001FA-0007FF              606
        CODE             000004-000007                4
                         000012-0007FF              7EE
                         0047CF-0047CF                1
                         00489A-007FFF             3766
        COMRAM           00005E-00005F                2
        CONST            000004-000007                4
                         000012-0007FF              7EE
                         0047CF-0047CF                1
                         00489A-007FFF             3766
        EEDATA           F00000-F000FF              100
        MEDIUMCONST      0047CF-0047CF                1
                         00489A-007FFF             3766
        RAM              0000FD-0000FF                3
                         0001FA-0007FF              100
        SFR              000F60-000FFF               A0
        SMALLCONST       0047CF-0047CF                1
                         00489A-007FFF              100
        STACK            0001FA-0007FF              606

                                  Symbol Table

?_ReadADC                               cstackBANK0  000066
?_ReadLUZ                               cstackCOMRAM 000002
?___awdiv                               cstackCOMRAM 000002
?___awmod                               cstackCOMRAM 000002
?___fladd                               cstackCOMRAM 000048
?___fldiv                               cstackCOMRAM 00002F
?___flmul                               cstackCOMRAM 000016
?___flneg                               cstackCOMRAM 000002
?___flsub                               cstackBANK0  000060
?___fltol                               cstackCOMRAM 000058
?___fpclassifyf                         cstackCOMRAM 000002
?___wmul                                cstackCOMRAM 000002
?___xxtofl                              cstackCOMRAM 000008
?_atoi                                  cstackCOMRAM 000009
?_efgtoa                                cstackBANK0  000068
?_floorf                                cstackCOMRAM 000048
?_isalpha                               cstackCOMRAM 000002
?_isdigit                               cstackCOMRAM 000002
?_islower                               cstackCOMRAM 000002
?_isspace                               cstackCOMRAM 000002
?_isupper                               cstackCOMRAM 000002
?_pad                                   cstackCOMRAM 000012
?_sprintf                               cstackBANK0  0000D4
?_strlen                                cstackCOMRAM 000002
?_strncmp                               cstackCOMRAM 000002
?_tolower                               cstackCOMRAM 000008
?_toupper                               cstackCOMRAM 000008
?_vfpfcnvrt                             cstackBANK0  0000AC
?_vfprintf                              cstackBANK0  0000CC
?_xtoa                                  cstackCOMRAM 00001D
I2C_Read@buffer                         cstackCOMRAM 000003
I2C_Read@flag                           cstackCOMRAM 000002
I2C_Repeated_Start@slave_read_address   cstackCOMRAM 000003
I2C_Start@slave_write_address           cstackCOMRAM 000003
I2C_Write@data                          cstackCOMRAM 000002
LCD_Char@dat                            cstackCOMRAM 000009
LCD_Command@cmd                         cstackCOMRAM 000009
LCD_Custom_Char@i                       cstackCOMRAM 00000D
LCD_Custom_Char@loc                     cstackCOMRAM 00000C
LCD_Custom_Char@msg                     cstackCOMRAM 00000A
LCD_String@msg                          cstackCOMRAM 00000A
LCD_String_xy@location                  cstackCOMRAM 000010
LCD_String_xy@msg                       cstackCOMRAM 00000D
LCD_String_xy@pos                       cstackCOMRAM 00000C
LCD_String_xy@row                       cstackCOMRAM 00000F
MSdelay@i                               cstackCOMRAM 000004
MSdelay@j                               cstackCOMRAM 000006
MSdelay@val                             cstackCOMRAM 000002
RTC_Calendario@AM_PM                    cstackBANK1  0001DA
RTC_Calendario@Clock_type               cstackBANK1  0001D9
RTC_Calendario@F3531                    dataBANK1    0001DB
RTC_Calendario@date                     cstackBANK1  00019D
RTC_Calendario@days                     cstackBANK1  000196
RTC_Calendario@hours                    cstackBANK1  0001CF
RTC_Calendario@mins                     cstackBANK1  0001C5
RTC_Calendario@month                    cstackBANK1  0001A7
RTC_Calendario@secs                     cstackBANK1  0001BB
RTC_Calendario@year                     cstackBANK1  0001B1
RTC_Read_Calendar@read_calendar_address cstackCOMRAM 000005
RTC_Read_Clock@read_clock_address       cstackCOMRAM 000005
ReadADC@result                          cstackBANK0  00006A
ReadLUZ@result                          cstackCOMRAM 000006
_ACKDT                                  (abs)        007E2D
_ACKEN                                  (abs)        007E2C
_ACKSTAT                                (abs)        007E2E
_ADCON0bits                             (abs)        000FC2
_ADCON1bits                             (abs)        000FC1
_ADCON2bits                             (abs)        000FC0
_ADRESH                                 (abs)        000FC4
_ADRESL                                 (abs)        000FC3
_Date                                   bssBANK1     000128
_Day                                    bssBANK1     00012A
_I2C_Ack                                text47       004812
_I2C_Init                               text52       0047D0
_I2C_Nack                               text46       0047FE
_I2C_Read                               text44       00458C
_I2C_Ready                              text45       00484E
_I2C_Repeated_Start                     text42       00473A
_I2C_Start                              text41       00470C
_I2C_Stop                               text40       0047EA
_I2C_Write                              text43       00478E
_INTCONbits                             (abs)        000FF2
_ISR                                    intcode      000008
_LATCbits                               (abs)        000F8B
_LATD                                   (abs)        000F8C
_LATD0                                  (abs)        007C60
_LATD1                                  (abs)        007C61
_LATE0                                  (abs)        007C68
_LATE1                                  (abs)        007C69
_LATE2                                  (abs)        007C6A
_LCD_Char                               text59       004318
_LCD_Clear                              text51       004826
_LCD_Command                            text58       0042CC
_LCD_Custom_Char                        text57       00443E
_LCD_Init                               text50       0046DC
_LCD_String                             text49       004114
_LCD_String_xy                          text48       004510
_MSdelay                                text60       004364
_Month                                  bssBANK1     000126
_OSCCON                                 (abs)        000FD3
_OSCCONbits                             (abs)        000FD3
_PEN                                    (abs)        007E2A
_PIE1bits                               (abs)        000F9D
_PIR1bits                               (abs)        000F9E
_PlayCancion                            text53       004860
_RCEN                                   (abs)        007E2B
_RSEN                                   (abs)        007E29
_RTC_Calendario                         text4        002AEE
_RTC_Read_Calendar                      text39       0041CE
_RTC_Read_Clock                         text38       004486
_ReadADC                                text2        003884
_ReadLUZ                                text1        003F8E
_SSPADD                                 (abs)        000FC8
_SSPBUF                                 (abs)        000FC9
_SSPCON1                                (abs)        000FC6
_SSPCON2                                (abs)        000FC5
_SSPCON2bits                            (abs)        000FC5
_SSPIE                                  (abs)        007CEB
_SSPIF                                  (abs)        007CF3
_SSPSTAT                                (abs)        000FC7
_SSPSTATbits                            (abs)        000FC7
_Sluz                                   bssBANK1     000100
_Stemp                                  bssBANK1     000182
_T1CONbits                              (abs)        000FCD
_TMR1H                                  (abs)        000FCF
_TMR1L                                  (abs)        000FCE
_TRISA                                  (abs)        000F92
_TRISB0                                 (abs)        007C98
_TRISB1                                 (abs)        007C99
_TRISCbits                              (abs)        000F94
_TRISD                                  (abs)        000F95
_TRISE                                  (abs)        000F96
_Year                                   bssBANK1     000124
__HRAM                                  (abs)        000000
__Habs1                                 abs1         000000
__Hbank0                                bank0        000000
__Hbank1                                bank1        000000
__Hbank2                                bank2        000000
__Hbank3                                bank3        000000
__Hbank4                                bank4        000000
__Hbank5                                bank5        000000
__Hbank6                                bank6        000000
__Hbank7                                bank7        000000
__Hbigbss                               bigbss       000000
__Hbigdata                              bigdata      000000
__Hbigram                               bigram       000000
__Hbss                                  bss          000000
__HbssBANK0                             bssBANK0     000000
__HbssBANK1                             bssBANK1     000000
__HbssCOMRAM                            bssCOMRAM    000000
__Hcinit                                cinit        000000
__Hclrtext                              clrtext      000000
__Hcomram                               comram       000000
__Hconfig                               config       30000E
__Hconst                                const        000000
__HcstackBANK0                          cstackBANK0  000000
__HcstackBANK1                          cstackBANK1  000000
__HcstackCOMRAM                         cstackCOMRAM 000000
__Hdata                                 data         000000
__HdataBANK1                            dataBANK1    000000
__Heeprom_data                          eeprom_data  000000
__Hfarbss                               farbss       000000
__Hfardata                              fardata      000000
__Hibigdata                             ibigdata     000000
__Hidata                                idata        000000
__HidataBANK1                           idataBANK1   000000
__Hidloc                                idloc        200008
__Hifardata                             ifardata     000000
__Hinit                                 init         000012
__Hintcode                              intcode      00000E
__Hintcode_body                         intcode_body 000000
__Hintcodelo                            intcodelo    00000E
__Hintentry                             intentry     000000
__Hintret                               intret       000000
__Hintsave_regs                         intsave_regs 000000
__Hirdata                               irdata       000000
__Hmediumconst                          mediumconst  000000
__HnvFARRAM                             nvFARRAM     000000
__Hnvbit                                nvbit        000000
__Hnvrram                               nvrram       000000
__Hparam                                rparam       000000
__Hpowerup                              powerup      00000E
__Hram                                  ram          000000
__Hramtop                               ramtop       000800
__Hrbit                                 rbit         000000
__Hrbss                                 rbss         000000
__Hrdata                                rdata        000000
__Hreset_vec                            reset_vec    000004
__Hrparam                               rparam       000000
__Hsfr                                  sfr          000000
__Hsmallconst                           smallconst   000858
__Hspace_0                              (abs)        00489A
__Hspace_1                              (abs)        0001FA
__Hspace_2                              (abs)        000000
__Hspace_4                              (abs)        60000E
__Hstack                                stack        000000
__Hstruct                               struct       000000
__Htemp                                 temp         00005E
__Htext                                 text         000000
__Htext0                                text0        000000
__Htext1                                text1        000000
__Htext10                               text10       000000
__Htext11                               text11       000000
__Htext12                               text12       000000
__Htext13                               text13       000000
__Htext14                               text14       000000
__Htext15                               text15       000000
__Htext16                               text16       000000
__Htext17                               text17       000000
__Htext18                               text18       000000
__Htext19                               text19       000000
__Htext2                                text2        000000
__Htext20                               text20       000000
__Htext21                               text21       000000
__Htext22                               text22       000000
__Htext23                               text23       000000
__Htext24                               text24       000000
__Htext25                               text25       000000
__Htext26                               text26       000000
__Htext27                               text27       000000
__Htext28                               text28       000000
__Htext29                               text29       000000
__Htext3                                text3        000000
__Htext30                               text30       000000
__Htext31                               text31       000000
__Htext32                               text32       000000
__Htext33                               text33       000000
__Htext34                               text34       000000
__Htext35                               text35       000000
__Htext36                               text36       000000
__Htext37                               text37       000000
__Htext38                               text38       000000
__Htext39                               text39       000000
__Htext4                                text4        000000
__Htext40                               text40       000000
__Htext41                               text41       000000
__Htext42                               text42       000000
__Htext43                               text43       000000
__Htext44                               text44       000000
__Htext45                               text45       000000
__Htext46                               text46       000000
__Htext47                               text47       000000
__Htext48                               text48       000000
__Htext49                               text49       000000
__Htext5                                text5        000000
__Htext50                               text50       000000
__Htext51                               text51       000000
__Htext52                               text52       000000
__Htext53                               text53       000000
__Htext54                               text54       000000
__Htext55                               text55       000000
__Htext56                               text56       000000
__Htext57                               text57       000000
__Htext58                               text58       000000
__Htext59                               text59       000000
__Htext6                                text6        000000
__Htext60                               text60       000000
__Htext62                               text62       000000
__Htext7                                text7        000000
__Htext8                                text8        000000
__Htext9                                text9        000000
__LRAM                                  (abs)        000001
__Labs1                                 abs1         000000
__Lbank0                                bank0        000000
__Lbank1                                bank1        000000
__Lbank2                                bank2        000000
__Lbank3                                bank3        000000
__Lbank4                                bank4        000000
__Lbank5                                bank5        000000
__Lbank6                                bank6        000000
__Lbank7                                bank7        000000
__Lbigbss                               bigbss       000000
__Lbigdata                              bigdata      000000
__Lbigram                               bigram       000000
__Lbss                                  bss          000000
__LbssBANK0                             bssBANK0     000000
__LbssBANK1                             bssBANK1     000000
__LbssCOMRAM                            bssCOMRAM    000000
__Lcinit                                cinit        000000
__Lclrtext                              clrtext      000000
__Lcomram                               comram       000000
__Lconfig                               config       000000
__Lconst                                const        000000
__LcstackBANK0                          cstackBANK0  000000
__LcstackBANK1                          cstackBANK1  000000
__LcstackCOMRAM                         cstackCOMRAM 000000
__Ldata                                 data         000000
__LdataBANK1                            dataBANK1    000000
__Leeprom_data                          eeprom_data  000000
__Lfarbss                               farbss       000000
__Lfardata                              fardata      000000
__Libigdata                             ibigdata     000000
__Lidata                                idata        000000
__LidataBANK1                           idataBANK1   000000
__Lidloc                                idloc        000000
__Lifardata                             ifardata     000000
__Linit                                 init         00000E
__Lintcode                              intcode      000008
__Lintcode_body                         intcode_body 000000
__Lintcodelo                            intcodelo    00000E
__Lintentry                             intentry     000000
__Lintret                               intret       000000
__Lintsave_regs                         intsave_regs 000000
__Lirdata                               irdata       000000
__Lmediumconst                          mediumconst  000000
__LnvFARRAM                             nvFARRAM     000000
__Lnvbit                                nvbit        000000
__Lnvrram                               nvrram       000000
__Lparam                                rparam       000000
__Lpowerup                              powerup      00000E
__Lram                                  ram          000000
__Lramtop                               ramtop       000800
__Lrbit                                 rbit         000000
__Lrbss                                 rbss         000000
__Lrdata                                rdata        000000
__Lreset_vec                            reset_vec    000000
__Lrparam                               rparam       000000
__Lsfr                                  sfr          000000
__Lsmallconst                           smallconst   000800
__Lspace_0                              (abs)        000000
__Lspace_1                              (abs)        000000
__Lspace_2                              (abs)        000000
__Lspace_4                              (abs)        000000
__Lstack                                stack        000000
__Lstruct                               struct       000000
__Ltemp                                 temp         00005D
__Ltext                                 text         000000
__Ltext0                                text0        000000
__Ltext1                                text1        000000
__Ltext10                               text10       000000
__Ltext11                               text11       000000
__Ltext12                               text12       000000
__Ltext13                               text13       000000
__Ltext14                               text14       000000
__Ltext15                               text15       000000
__Ltext16                               text16       000000
__Ltext17                               text17       000000
__Ltext18                               text18       000000
__Ltext19                               text19       000000
__Ltext2                                text2        000000
__Ltext20                               text20       000000
__Ltext21                               text21       000000
__Ltext22                               text22       000000
__Ltext23                               text23       000000
__Ltext24                               text24       000000
__Ltext25                               text25       000000
__Ltext26                               text26       000000
__Ltext27                               text27       000000
__Ltext28                               text28       000000
__Ltext29                               text29       000000
__Ltext3                                text3        000000
__Ltext30                               text30       000000
__Ltext31                               text31       000000
__Ltext32                               text32       000000
__Ltext33                               text33       000000
__Ltext34                               text34       000000
__Ltext35                               text35       000000
__Ltext36                               text36       000000
__Ltext37                               text37       000000
__Ltext38                               text38       000000
__Ltext39                               text39       000000
__Ltext4                                text4        000000
__Ltext40                               text40       000000
__Ltext41                               text41       000000
__Ltext42                               text42       000000
__Ltext43                               text43       000000
__Ltext44                               text44       000000
__Ltext45                               text45       000000
__Ltext46                               text46       000000
__Ltext47                               text47       000000
__Ltext48                               text48       000000
__Ltext49                               text49       000000
__Ltext5                                text5        000000
__Ltext50                               text50       000000
__Ltext51                               text51       000000
__Ltext52                               text52       000000
__Ltext53                               text53       000000
__Ltext54                               text54       000000
__Ltext55                               text55       000000
__Ltext56                               text56       000000
__Ltext57                               text57       000000
__Ltext58                               text58       000000
__Ltext59                               text59       000000
__Ltext6                                text6        000000
__Ltext60                               text60       000000
__Ltext62                               text62       000000
__Ltext7                                text7        000000
__Ltext8                                text8        000000
__Ltext9                                text9        000000
__S0                                    (abs)        00489A
__S1                                    (abs)        0001FA
__S2                                    (abs)        000000
__S4                                    (abs)        000000
__S5                                    (abs)        000000
___awdiv                                text33       003CE6
___awdiv@counter                        cstackCOMRAM 000006
___awdiv@dividend                       cstackCOMRAM 000002
___awdiv@divisor                        cstackCOMRAM 000004
___awdiv@quotient                       cstackCOMRAM 000008
___awdiv@sign                           cstackCOMRAM 000007
___awmod                                text32       003DAA
___awmod@counter                        cstackCOMRAM 000006
___awmod@dividend                       cstackCOMRAM 000002
___awmod@divisor                        cstackCOMRAM 000004
___awmod@sign                           cstackCOMRAM 000007
___fladd                                text26       001ABE
___fladd@a                              cstackCOMRAM 00004C
___fladd@aexp                           cstackCOMRAM 000055
___fladd@b                              cstackCOMRAM 000048
___fladd@bexp                           cstackCOMRAM 000056
___fladd@grs                            cstackCOMRAM 000057
___fladd@signs                          cstackCOMRAM 000054
___fldiv                                text31       002754
___fldiv@a                              cstackCOMRAM 000033
___fldiv@aexp                           cstackCOMRAM 000047
___fldiv@b                              cstackCOMRAM 00002F
___fldiv@bexp                           cstackCOMRAM 000046
___fldiv@grs                            cstackCOMRAM 000042
___fldiv@new_exp                        cstackCOMRAM 000040
___fldiv@rem                            cstackCOMRAM 00003B
___fldiv@sign                           cstackCOMRAM 00003F
___fleq                                 text30       003E5A
___fleq@ff1                             cstackCOMRAM 000002
___fleq@ff2                             cstackCOMRAM 000006
___flge                                 text29       003780
___flge@ff1                             cstackCOMRAM 00002F
___flge@ff2                             cstackCOMRAM 000033
___flmul                                text28       001F7E
___flmul@a                              cstackCOMRAM 00001A
___flmul@aexp                           cstackCOMRAM 000027
___flmul@b                              cstackCOMRAM 000016
___flmul@bexp                           cstackCOMRAM 000028
___flmul@grs                            cstackCOMRAM 000023
___flmul@prod                           cstackCOMRAM 000029
___flmul@sign                           cstackCOMRAM 000022
___flmul@temp                           cstackCOMRAM 00002D
___flneg                                text27       004636
___flneg@f1                             cstackCOMRAM 000002
___flsub                                text25       0043F6
___flsub@a                              cstackBANK0  000064
___flsub@b                              cstackBANK0  000060
___fltol                                text24       003678
___fltol@exp1                           cstackBANK0  000065
___fltol@f1                             cstackCOMRAM 000058
___fltol@sign1                          cstackBANK0  000064
___fpclassifyf                          text23       003982
___fpclassifyf@F465                     bssBANK1     000118
___fpclassifyf@e                        cstackCOMRAM 00000A
___fpclassifyf@u                        cstackCOMRAM 00000C
___fpclassifyf@x                        cstackCOMRAM 000002
___inthi_sp                             stack        000000
___intlo_sp                             stack        000000
___param_bank                           (abs)        000000
___rparam_used                          (abs)        000001
___sp                                   stack        000000
___wmul                                 text37       004768
___wmul@multiplicand                    cstackCOMRAM 000004
___wmul@multiplier                      cstackCOMRAM 000002
___wmul@product                         cstackCOMRAM 000006
___xxtofl                               text3        003334
___xxtofl@arg                           cstackCOMRAM 000012
___xxtofl@exp                           cstackCOMRAM 000011
___xxtofl@sign                          cstackCOMRAM 000010
___xxtofl@val                           cstackCOMRAM 000008
__accesstop                             (abs)        000060
__activetblptr                          (abs)        000002
__end_of_I2C_Ack                        text47       004826
__end_of_I2C_Init                       text52       0047EA
__end_of_I2C_Nack                       text46       004812
__end_of_I2C_Read                       text44       0045C6
__end_of_I2C_Ready                      text45       004860
__end_of_I2C_Repeated_Start             text42       004768
__end_of_I2C_Start                      text41       00473A
__end_of_I2C_Stop                       text40       0047FE
__end_of_I2C_Write                      text43       0047B0
__end_of_ISR                            intcode_body 003F8E
__end_of_LCD_Char                       text59       004364
__end_of_LCD_Clear                      text51       00483A
__end_of_LCD_Command                    text58       004318
__end_of_LCD_Custom_Char                text57       004486
__end_of_LCD_Init                       text50       00470C
__end_of_LCD_String                     text49       004172
__end_of_LCD_String_xy                  text48       004550
__end_of_MSdelay                        text60       0043AE
__end_of_PlayCancion                    text53       004872
__end_of_RTC_Calendario                 text4        002E48
__end_of_RTC_Read_Calendar              text39       004228
__end_of_RTC_Read_Clock                 text38       0044CC
__end_of_ReadADC                        text2        003982
__end_of_ReadLUZ                        text1        003FF4
__end_of___awdiv                        text33       003DAA
__end_of___awmod                        text32       003E5A
__end_of___fladd                        text26       001F7E
__end_of___fldiv                        text31       002AEE
__end_of___fleq                         text30       003F04
__end_of___flge                         text29       003884
__end_of___flmul                        text28       0023A8
__end_of___flneg                        text27       00466E
__end_of___flsub                        text25       00443E
__end_of___fltol                        text24       003780
__end_of___fpclassifyf                  text23       003A80
__end_of___wmul                         text37       00478E
__end_of___xxtofl                       text3        0034E8
__end_of__initialization                cinit        0043E8
__end_of_atoi                           text34       003678
__end_of_conf_CLK                       text56       004884
__end_of_conf_IO                        text55       00488E
__end_of_conf_TA1                       text54       00484E
__end_of_desabilitar_Time               text62       004898
__end_of_efgtoa                         text13       0014B0
__end_of_floorf                         text22       003334
__end_of_fputc                          text20       003C20
__end_of_fputs                          text19       004510
__end_of_isalpha                        text11       00458C
__end_of_isdigit                        text36       0046A6
__end_of_islower                        text10       0045FE
__end_of_isspace                        text35       0042CC
__end_of_isupper                        text15       004636
__end_of_main                           text0        002754
__end_of_pad                            text17       003CE6
__end_of_putch                          text21       00489A
__end_of_sprintf                        text5        00427A
__end_of_strcpy                         text16       0041CE
__end_of_strlen                         text18       0046DC
__end_of_strncmp                        text12       003B56
__end_of_tolower                        text14       0040B6
__end_of_toupper                        text9        004114
__end_of_vfpfcnvrt                      text7        001ABE
__end_of_vfprintf                       text6        004056
__end_of_xtoa                           text8        003122
__initialization                        cinit        0043AE
__mediumconst                           mediumconst  000000
__pbssBANK0                             bssBANK0     0000EB
__pbssBANK1                             bssBANK1     000100
__pbssCOMRAM                            bssCOMRAM    00005C
__pcinit                                cinit        0043AE
__pcstackBANK0                          cstackBANK0  000060
__pcstackBANK1                          cstackBANK1  000196
__pcstackCOMRAM                         cstackCOMRAM 000001
__pdataBANK1                            dataBANK1    0001DB
__pidataBANK1                           idataBANK1   0047B0
__pintcode                              intcode      000008
__pintcode_body                         intcode_body 003F04
__psmallconst                           smallconst   000800
__ptext0                                text0        0023A8
__ptext1                                text1        003F8E
__ptext10                               text10       0045C6
__ptext11                               text11       004550
__ptext12                               text12       003A80
__ptext13                               text13       000858
__ptext14                               text14       004056
__ptext15                               text15       0045FE
__ptext16                               text16       004172
__ptext17                               text17       003C20
__ptext18                               text18       0046A6
__ptext19                               text19       0044CC
__ptext2                                text2        003884
__ptext20                               text20       003B56
__ptext21                               text21       004898
__ptext22                               text22       003122
__ptext23                               text23       003982
__ptext24                               text24       003678
__ptext25                               text25       0043F6
__ptext26                               text26       001ABE
__ptext27                               text27       004636
__ptext28                               text28       001F7E
__ptext29                               text29       003780
__ptext3                                text3        003334
__ptext30                               text30       003E5A
__ptext31                               text31       002754
__ptext32                               text32       003DAA
__ptext33                               text33       003CE6
__ptext34                               text34       0034E8
__ptext35                               text35       00427A
__ptext36                               text36       00466E
__ptext37                               text37       004768
__ptext38                               text38       004486
__ptext39                               text39       0041CE
__ptext4                                text4        002AEE
__ptext40                               text40       0047EA
__ptext41                               text41       00470C
__ptext42                               text42       00473A
__ptext43                               text43       00478E
__ptext44                               text44       00458C
__ptext45                               text45       00484E
__ptext46                               text46       0047FE
__ptext47                               text47       004812
__ptext48                               text48       004510
__ptext49                               text49       004114
__ptext5                                text5        004228
__ptext50                               text50       0046DC
__ptext51                               text51       004826
__ptext52                               text52       0047D0
__ptext53                               text53       004860
__ptext54                               text54       00483A
__ptext55                               text55       004884
__ptext56                               text56       004872
__ptext57                               text57       00443E
__ptext58                               text58       0042CC
__ptext59                               text59       004318
__ptext6                                text6        003FF4
__ptext60                               text60       004364
__ptext62                               text62       00488E
__ptext7                                text7        0014B0
__ptext8                                text8        002E48
__ptext9                                text9        0040B6
__ramtop                                ramtop       000800
__size_of_I2C_Ack                       (abs)        000000
__size_of_I2C_Init                      (abs)        000000
__size_of_I2C_Nack                      (abs)        000000
__size_of_I2C_Read                      (abs)        000000
__size_of_I2C_Ready                     (abs)        000000
__size_of_I2C_Repeated_Start            (abs)        000000
__size_of_I2C_Start                     (abs)        000000
__size_of_I2C_Stop                      (abs)        000000
__size_of_I2C_Write                     (abs)        000000
__size_of_ISR                           (abs)        000000
__size_of_LCD_Char                      (abs)        000000
__size_of_LCD_Clear                     (abs)        000000
__size_of_LCD_Command                   (abs)        000000
__size_of_LCD_Custom_Char               (abs)        000000
__size_of_LCD_Init                      (abs)        000000
__size_of_LCD_String                    (abs)        000000
__size_of_LCD_String_xy                 (abs)        000000
__size_of_MSdelay                       (abs)        000000
__size_of_PlayCancion                   (abs)        000000
__size_of_RTC_Calendario                (abs)        000000
__size_of_RTC_Read_Calendar             (abs)        000000
__size_of_RTC_Read_Clock                (abs)        000000
__size_of_ReadADC                       (abs)        000000
__size_of_ReadLUZ                       (abs)        000000
__size_of___awdiv                       (abs)        000000
__size_of___awmod                       (abs)        000000
__size_of___fladd                       (abs)        000000
__size_of___fldiv                       (abs)        000000
__size_of___fleq                        (abs)        000000
__size_of___flge                        (abs)        000000
__size_of___flmul                       (abs)        000000
__size_of___flneg                       (abs)        000000
__size_of___flsub                       (abs)        000000
__size_of___fltol                       (abs)        000000
__size_of___fpclassifyf                 (abs)        000000
__size_of___wmul                        (abs)        000000
__size_of___xxtofl                      (abs)        000000
__size_of_atoi                          (abs)        000000
__size_of_conf_CLK                      (abs)        000000
__size_of_conf_IO                       (abs)        000000
__size_of_conf_TA1                      (abs)        000000
__size_of_desabilitar_Time              (abs)        000000
__size_of_efgtoa                        (abs)        000000
__size_of_floorf                        (abs)        000000
__size_of_fputc                         (abs)        000000
__size_of_fputs                         (abs)        000000
__size_of_isalpha                       (abs)        000000
__size_of_isdigit                       (abs)        000000
__size_of_islower                       (abs)        000000
__size_of_isspace                       (abs)        000000
__size_of_isupper                       (abs)        000000
__size_of_main                          (abs)        000000
__size_of_pad                           (abs)        000000
__size_of_putch                         (abs)        000000
__size_of_sprintf                       (abs)        000000
__size_of_strcpy                        (abs)        000000
__size_of_strlen                        (abs)        000000
__size_of_strncmp                       (abs)        000000
__size_of_tolower                       (abs)        000000
__size_of_toupper                       (abs)        000000
__size_of_vfpfcnvrt                     (abs)        000000
__size_of_vfprintf                      (abs)        000000
__size_of_xtoa                          (abs)        000000
__smallconst                            smallconst   000800
_atoi                                   text34       0034E8
_atoi$1732                              cstackCOMRAM 000011
_atoi$1733                              cstackCOMRAM 000015
_atoi$1734                              cstackCOMRAM 000013
_character1                             dataBANK1    0001F2
_character2                             dataBANK1    0001EA
_character3                             dataBANK1    0001E2
_conf_CLK                               text56       004872
_conf_IO                                text55       004884
_conf_TA1                               text54       00483A
_dbuf                                   bssBANK1     000132
_desabilitar_Time                       text62       00488E
_efgtoa                                 text13       000858
_efgtoa$1656                            cstackBANK0  000074
_efgtoa$1657                            cstackBANK0  000076
_efgtoa$1662                            cstackBANK0  000078
_efgtoa$1666                            cstackBANK0  00007A
_efgtoa$1667                            cstackBANK0  00007C
_efgtoa$1668                            cstackBANK0  00007E
_flags                                  bssBANK0     0000F9
_floorf                                 text22       003122
_fputc                                  text20       003B56
_fputs                                  text19       0044CC
_hour                                   bssBANK1     00012C
_i                                      bssBANK0     0000FC
_isalpha                                text11       004550
_isdigit                                text36       00466E
_islower                                text10       0045C6
_isspace                                text35       00427A
_isspace$1772                           cstackCOMRAM 000008
_isupper                                text15       0045FE
_luz                                    bssBANK0     0000EB
_main                                   text0        0023A8
_main$2074                              cstackBANK0  0000E7
_min                                    bssBANK1     00012E
_nout                                   bssBANK0     0000F3
_pad                                    text17       003C20
_prec                                   bssBANK0     0000F7
_putch                                  text21       004898
_sec                                    bssBANK1     000130
_sprintf                                text5        004228
_strcpy                                 text16       004172
_strlen                                 text18       0046A6
_strncmp                                text12       003A80
_temp                                   bssBANK1     000120
_tempar                                 bssBANK0     0000EF
_temperatura                            bssBANK1     00011C
_tolower                                text14       004056
_tolower$1836                           cstackCOMRAM 00000E
_toupper                                text9        0040B6
_toupper$1851                           cstackCOMRAM 00000E
_var3beep                               bssCOMRAM    00005C
_var3seg                                bssBANK0     0000FB
_vfpfcnvrt                              text7        0014B0
_vfpfcnvrt$1693                         cstackBANK0  0000C0
_vfpfcnvrt$1697                         cstackBANK0  0000C2
_vfprintf                               text6        003FF4
_width                                  bssBANK0     0000F5
_xtoa                                   text8        002E48
_xtoa$1678                              cstackCOMRAM 000030
_xtoa$1679                              cstackCOMRAM 000032
atoi@n                                  cstackCOMRAM 000016
atoi@neg                                cstackCOMRAM 00000F
atoi@s                                  cstackCOMRAM 000009
btemp                                   temp         00005D
efgtoa@c                                cstackBANK0  00006E
efgtoa@d                                cstackBANK0  00008C
efgtoa@e                                cstackBANK0  0000A4
efgtoa@f                                cstackBANK0  00006A
efgtoa@fp                               cstackBANK0  000068
efgtoa@g                                cstackBANK0  0000A0
efgtoa@h                                cstackBANK0  000096
efgtoa@i                                cstackBANK0  00009E
efgtoa@l                                cstackBANK0  00009A
efgtoa@m                                cstackBANK0  000086
efgtoa@mode                             cstackBANK0  000095
efgtoa@n                                cstackBANK0  0000A6
efgtoa@ne                               cstackBANK0  000084
efgtoa@nmode                            cstackBANK0  000094
efgtoa@ou                               cstackBANK0  000088
efgtoa@p                                cstackBANK0  000090
efgtoa@pp                               cstackBANK0  000082
efgtoa@sign                             cstackBANK0  00008E
efgtoa@t                                cstackBANK0  000080
efgtoa@u                                cstackBANK0  0000A8
efgtoa@w                                cstackBANK0  000092
end_of_initialization                   cinit        0043E8
floorf@F527                             bssBANK1     000114
floorf@e                                cstackCOMRAM 000056
floorf@m                                cstackCOMRAM 000052
floorf@u                                cstackCOMRAM 000058
floorf@x                                cstackCOMRAM 000048
fputc@c                                 cstackCOMRAM 000002
fputc@fp                                cstackCOMRAM 000004
fputs@c                                 cstackCOMRAM 00000F
fputs@fp                                cstackCOMRAM 00000D
fputs@i                                 cstackCOMRAM 000010
fputs@s                                 cstackCOMRAM 00000B
int$flags                               temp         00005D
int_func                                intcode_body 003F04
intlevel0                               text         000000
intlevel1                               text         000000
intlevel2                               text         000000
intlevel3                               text         000000
isa$std                                 (abs)        000001
isa$xinst                               (abs)        000000
isalpha@c                               cstackCOMRAM 000002
isdigit@c                               cstackCOMRAM 000002
islower@c                               cstackCOMRAM 000002
isspace@c                               cstackCOMRAM 000002
isupper@c                               cstackCOMRAM 000002
pad@buf                                 cstackCOMRAM 000014
pad@fp                                  cstackCOMRAM 000012
pad@i                                   cstackCOMRAM 000019
pad@p                                   cstackCOMRAM 000016
pad@w                                   cstackCOMRAM 00001B
sprintf@ap                              cstackBANK0  0000DC
sprintf@f                               cstackBANK0  0000DE
sprintf@fmt                             cstackBANK0  0000D6
sprintf@s                               cstackBANK0  0000D4
stackhi                                 (abs)        0007FF
stacklo                                 (abs)        0001FA
start                                   init         00000E
start_initialization                    cinit        0043AE
strcpy@d                                cstackCOMRAM 00000A
strcpy@dest                             cstackCOMRAM 000002
strcpy@s                                cstackCOMRAM 000008
strcpy@src                              cstackCOMRAM 000004
strlen@a                                cstackCOMRAM 000004
strlen@s                                cstackCOMRAM 000002
strncmp@_l                              cstackCOMRAM 000002
strncmp@_r                              cstackCOMRAM 000004
strncmp@l                               cstackCOMRAM 000009
strncmp@n                               cstackCOMRAM 000006
strncmp@r                               cstackCOMRAM 00000B
tolower@c                               cstackCOMRAM 000008
toupper@c                               cstackCOMRAM 000008
ttemp5                                  temp         00005E
ttemp6                                  temp         000061
ttemp7                                  temp         000065
vfpfcnvrt@ap                            cstackBANK0  0000B0
vfpfcnvrt@c                             cstackBANK0  0000CB
vfpfcnvrt@ct                            cstackBANK0  0000C4
vfpfcnvrt@done                          cstackBANK0  0000BE
vfpfcnvrt@f                             cstackBANK0  0000C7
vfpfcnvrt@fmt                           cstackBANK0  0000AE
vfpfcnvrt@fp                            cstackBANK0  0000AC
vfpfcnvrt@llu                           cstackBANK0  0000B6
vfprintf@ap                             cstackBANK0  0000D0
vfprintf@cfmt                           cstackBANK0  0000D2
vfprintf@fmt                            cstackBANK0  0000CE
vfprintf@fp                             cstackBANK0  0000CC
wtemp8                                  temp         00005E
xtoa@c                                  cstackCOMRAM 000042
xtoa@d                                  cstackCOMRAM 00001F
xtoa@fp                                 cstackCOMRAM 00001D
xtoa@i                                  cstackCOMRAM 000040
xtoa@n                                  cstackCOMRAM 000038
xtoa@p                                  cstackCOMRAM 000034
xtoa@w                                  cstackCOMRAM 000036
xtoa@x                                  cstackCOMRAM 000027


MODULE INFORMATION

Module		Function		Class		Link	Load	Size
C:\Program Files\Microchip\xc8\v2.32\pic\sources\c99\common\nf_sprintf.c
		_sprintf       		CODE           	4228	0000	82

C:\Program Files\Microchip\xc8\v2.32\pic\sources\c99\common\nf_sprintf.c estimated size: 82

C:\Program Files\Microchip\xc8\v2.32\pic\sources\c99\common\awdiv.c
		___awdiv       		CODE           	3CE6	0000	196

C:\Program Files\Microchip\xc8\v2.32\pic\sources\c99\common\awdiv.c estimated size: 196

C:\Program Files\Microchip\xc8\v2.32\pic\sources\c99\common\isdigit.c
		_isdigit       		CODE           	466E	0000	56

C:\Program Files\Microchip\xc8\v2.32\pic\sources\c99\common\isdigit.c estimated size: 56

C:\Program Files\Microchip\xc8\v2.32\pic\sources\c99\common\sprcadd.c
		___flsub       		CODE           	43F6	0000	72
		___fladd       		CODE           	1ABE	0000	1216

C:\Program Files\Microchip\xc8\v2.32\pic\sources\c99\common\sprcadd.c estimated size: 1288

Sensor_luz.c
		_ReadLUZ       		CODE           	3F8E	0000	102

Sensor_luz.c estimated size: 102

C:\Program Files\Microchip\xc8\v2.32\pic\sources\c99\common\doprnt.c
		_vfpfcnvrt     		CODE           	14B0	0000	1550
		_efgtoa        		CODE           	0858	0000	3160
		_pad           		CODE           	3C20	0000	198
		_vfprintf      		CODE           	3FF4	0000	98
		_xtoa          		CODE           	2E48	0000	730

C:\Program Files\Microchip\xc8\v2.32\pic\sources\c99\common\doprnt.c estimated size: 5736

C:\Program Files\Microchip\xc8\v2.32\pic\sources\c99\common\flneg.c
		___flneg       		CODE           	4636	0000	56

C:\Program Files\Microchip\xc8\v2.32\pic\sources\c99\common\flneg.c estimated size: 56

reloj.c
		_RTC_Calendario		CODE           	2AEE	0000	858
		_RTC_Read_Clock		CODE           	4486	0000	70
		_RTC_Read_Calendar		CODE           	41CE	0000	90

reloj.c estimated size: 1018

C:\Program Files\Microchip\xc8\v2.32\pic\sources\c99\common\atoi.c
		_atoi          		CODE           	34E8	0000	400

C:\Program Files\Microchip\xc8\v2.32\pic\sources\c99\common\atoi.c estimated size: 400

C:\Program Files\Microchip\xc8\v2.32\pic\sources\c99\common\nf_fputs.c
		_fputs         		CODE           	44CC	0000	68

C:\Program Files\Microchip\xc8\v2.32\pic\sources\c99\common\nf_fputs.c estimated size: 68

C:\Program Files\Microchip\xc8\v2.32\pic\sources\c99\common\fleq.c
		___fleq        		CODE           	3E5A	0000	170

C:\Program Files\Microchip\xc8\v2.32\pic\sources\c99\common\fleq.c estimated size: 170

C:\Program Files\Microchip\xc8\v2.32\pic\sources\c99\common\putch.c
		_putch         		CODE           	4898	0000	2

C:\Program Files\Microchip\xc8\v2.32\pic\sources\c99\common\putch.c estimated size: 2

C:\Program Files\Microchip\xc8\v2.32\pic\sources\c99\common\__fpclassifyf.c
		___fpclassifyf 		CODE           	3982	0000	254

C:\Program Files\Microchip\xc8\v2.32\pic\sources\c99\common\__fpclassifyf.c estimated size: 254

C:\Program Files\Microchip\xc8\v2.32\pic\sources\c99\common\isupper.c
		_isupper       		CODE           	45FE	0000	56

C:\Program Files\Microchip\xc8\v2.32\pic\sources\c99\common\isupper.c estimated size: 56

Reloj_ar.c
		_I2C_Write     		CODE           	478E	0000	34
		_I2C_Stop      		CODE           	47EA	0000	20
		_I2C_Read      		CODE           	458C	0000	58
		_I2C_Ready     		CODE           	484E	0000	18
		_I2C_Init      		CODE           	47D0	0000	26
		_I2C_Repeated_Start		CODE           	473A	0000	46
		_I2C_Ack       		CODE           	4812	0000	20
		_I2C_Nack      		CODE           	47FE	0000	20
		_I2C_Start     		CODE           	470C	0000	46

Reloj_ar.c estimated size: 288

C:\Program Files\Microchip\xc8\v2.32\pic\sources\c99\common\Umul16.c
		___wmul        		CODE           	4768	0000	38

C:\Program Files\Microchip\xc8\v2.32\pic\sources\c99\common\Umul16.c estimated size: 38

Melodia2.c
		_ISR           		CODE           	0008	0000	144
		_PlayCancion   		CODE           	4860	0000	18
		_conf_CLK      		CODE           	4872	0000	18
		_conf_IO       		CODE           	4884	0000	10
		_conf_TA1      		CODE           	483A	0000	20
		_desabilitar_Time		CODE           	488E	0000	10

Melodia2.c estimated size: 220

LCD_caracter.c
		_LCD_String    		CODE           	4114	0000	94
		_LCD_Init      		CODE           	46DC	0000	48
		_LCD_Command   		CODE           	42CC	0000	76
		_LCD_String_xy 		CODE           	4510	0000	64
		_LCD_Char      		CODE           	4318	0000	76
		_LCD_Clear     		CODE           	4826	0000	20
		_MSdelay       		CODE           	4364	0000	74
		_LCD_Custom_Char		CODE           	443E	0000	72

LCD_caracter.c estimated size: 524

C:\Program Files\Microchip\xc8\v2.32\pic\sources\c99\common\isspace.c
		_isspace       		CODE           	427A	0000	82

C:\Program Files\Microchip\xc8\v2.32\pic\sources\c99\common\isspace.c estimated size: 82

C:\Program Files\Microchip\xc8\v2.32\pic\sources\c99\common\islower.c
		_islower       		CODE           	45C6	0000	56

C:\Program Files\Microchip\xc8\v2.32\pic\sources\c99\common\islower.c estimated size: 56

C:\Program Files\Microchip\xc8\v2.32\pic\sources\c99\common\strncmp.c
		_strncmp       		CODE           	3A80	0000	214

C:\Program Files\Microchip\xc8\v2.32\pic\sources\c99\common\strncmp.c estimated size: 214

C:\Program Files\Microchip\xc8\v2.32\pic\sources\c99\common\tolower.c
		_tolower       		CODE           	4056	0000	96

C:\Program Files\Microchip\xc8\v2.32\pic\sources\c99\common\tolower.c estimated size: 96

shared
		__initialization		CODE           	43AE	0000	58

shared estimated size: 58

C:\Program Files\Microchip\xc8\v2.32\pic\sources\c99\common\sprcmul.c
		___flmul       		CODE           	1F7E	0000	1066

C:\Program Files\Microchip\xc8\v2.32\pic\sources\c99\common\sprcmul.c estimated size: 1066

C:\Program Files\Microchip\xc8\v2.32\pic\sources\c99\common\awmod.c
		___awmod       		CODE           	3DAA	0000	176

C:\Program Files\Microchip\xc8\v2.32\pic\sources\c99\common\awmod.c estimated size: 176

C:\Program Files\Microchip\xc8\v2.32\pic\sources\c99\common\sprcdiv.c
		___fldiv       		CODE           	2754	0000	922

C:\Program Files\Microchip\xc8\v2.32\pic\sources\c99\common\sprcdiv.c estimated size: 922

C:\Program Files\Microchip\xc8\v2.32\pic\sources\c99\common\toupper.c
		_toupper       		CODE           	40B6	0000	94

C:\Program Files\Microchip\xc8\v2.32\pic\sources\c99\common\toupper.c estimated size: 94

C:\Program Files\Microchip\xc8\v2.32\pic\sources\c99\common\isalpha.c
		_isalpha       		CODE           	4550	0000	60

C:\Program Files\Microchip\xc8\v2.32\pic\sources\c99\common\isalpha.c estimated size: 60

C:\Program Files\Microchip\xc8\v2.32\pic\sources\c99\common\fltol.c
		___fltol       		CODE           	3678	0000	264

C:\Program Files\Microchip\xc8\v2.32\pic\sources\c99\common\fltol.c estimated size: 264

smart_main.c
		_main          		CODE           	23A8	0000	940

smart_main.c estimated size: 940

C:\Program Files\Microchip\xc8\v2.32\pic\sources\c99\common\xxtofl.c
		___xxtofl      		CODE           	3334	0000	436

C:\Program Files\Microchip\xc8\v2.32\pic\sources\c99\common\xxtofl.c estimated size: 436

C:\Program Files\Microchip\xc8\v2.32\pic\sources\c99\common\nf_fputc.c
		_fputc         		CODE           	3B56	0000	202

C:\Program Files\Microchip\xc8\v2.32\pic\sources\c99\common\nf_fputc.c estimated size: 202

C:\Program Files\Microchip\xc8\v2.32\pic\sources\c99\common\strlen.c
		_strlen        		CODE           	46A6	0000	54

C:\Program Files\Microchip\xc8\v2.32\pic\sources\c99\common\strlen.c estimated size: 54

C:\Program Files\Microchip\xc8\v2.32\pic\sources\c99\common\flge.c
		___flge        		CODE           	3780	0000	260

C:\Program Files\Microchip\xc8\v2.32\pic\sources\c99\common\flge.c estimated size: 260

C:\Program Files\Microchip\xc8\v2.32\pic\sources\c99\common\floorf.c
		_floorf        		CODE           	3122	0000	530

C:\Program Files\Microchip\xc8\v2.32\pic\sources\c99\common\floorf.c estimated size: 530

Temperatura.c
		_ReadADC       		CODE           	3884	0000	254

Temperatura.c estimated size: 254

C:\Program Files\Microchip\xc8\v2.32\pic\sources\c99\common\strcpy.c
		_strcpy        		CODE           	4172	0000	92

C:\Program Files\Microchip\xc8\v2.32\pic\sources\c99\common\strcpy.c estimated size: 92

